ARM Linker, 5.03 [Build 76] [MDK-ARM Professional]

==============================================================================

Section Cross References

    sysinit.o(i.SystemInit) refers to board_sysinit.o(i.Board_SystemInit) for Board_SystemInit
    sysinit.o(i.SystemInit) refers to keil_startup_lpc18xx43xx.o(RESET) for __Vectors
    keil_startup_lpc18xx43xx.o(STACK) refers (Special) to heapauxi.o(.text) for __use_two_region_memory
    keil_startup_lpc18xx43xx.o(HEAP) refers (Special) to heapauxi.o(.text) for __use_two_region_memory
    keil_startup_lpc18xx43xx.o(RESET) refers (Special) to heapauxi.o(.text) for __use_two_region_memory
    keil_startup_lpc18xx43xx.o(RESET) refers to keil_startup_lpc18xx43xx.o(STACK) for __initial_sp
    keil_startup_lpc18xx43xx.o(RESET) refers to keil_startup_lpc18xx43xx.o(.text) for Reset_Handler
    keil_startup_lpc18xx43xx.o(RESET) refers to hid_main.o(i.USB0_IRQHandler) for USB0_IRQHandler
    keil_startup_lpc18xx43xx.o(.text) refers (Special) to heapauxi.o(.text) for __use_two_region_memory
    keil_startup_lpc18xx43xx.o(.text) refers to sysinit.o(i.SystemInit) for SystemInit
    keil_startup_lpc18xx43xx.o(.text) refers to __main.o(!!!main) for __main
    keil_startup_lpc18xx43xx.o(.text) refers to keil_startup_lpc18xx43xx.o(HEAP) for Heap_Mem
    keil_startup_lpc18xx43xx.o(.text) refers to keil_startup_lpc18xx43xx.o(STACK) for Stack_Mem
    hid_keyboard.o(i.Keyboard_EpIN_Hdlr) refers to hid_keyboard.o(.bss) for .bss
    hid_keyboard.o(i.Keyboard_GetReport) refers to hid_keyboard.o(i.Keyboard_UpdateReport) for Keyboard_UpdateReport
    hid_keyboard.o(i.Keyboard_GetReport) refers to hid_keyboard.o(.bss) for .bss
    hid_keyboard.o(i.Keyboard_SetReport) refers to board.o(i.Board_LED_Set) for Board_LED_Set
    hid_keyboard.o(i.Keyboard_Tasks) refers to hid_keyboard.o(i.Keyboard_UpdateReport) for Keyboard_UpdateReport
    hid_keyboard.o(i.Keyboard_Tasks) refers to hid_keyboard.o(.bss) for .bss
    hid_keyboard.o(i.Keyboard_Tasks) refers to hid_main.o(.data) for g_pUsbApi
    hid_keyboard.o(i.Keyboard_UpdateReport) refers to board.o(i.Joystick_GetStatus) for Joystick_GetStatus
    hid_keyboard.o(i.Keyboard_UpdateReport) refers to board.o(i.Buttons_GetStatus) for Buttons_GetStatus
    hid_keyboard.o(i.Keyboard_UpdateReport) refers to hid_keyboard.o(.bss) for .bss
    hid_keyboard.o(i.Keyboard_init) refers to board.o(i.Board_Buttons_Init) for Board_Buttons_Init
    hid_keyboard.o(i.Keyboard_init) refers to board.o(i.Board_Joystick_Init) for Board_Joystick_Init
    hid_keyboard.o(i.Keyboard_init) refers to rt_memclr_w.o(.text) for __aeabi_memclr4
    hid_keyboard.o(i.Keyboard_init) refers to hid_keyboard.o(i.Keyboard_GetReport) for Keyboard_GetReport
    hid_keyboard.o(i.Keyboard_init) refers to hid_keyboard.o(i.Keyboard_SetReport) for Keyboard_SetReport
    hid_keyboard.o(i.Keyboard_init) refers to hid_keyboard.o(i.Keyboard_EpIN_Hdlr) for Keyboard_EpIN_Hdlr
    hid_keyboard.o(i.Keyboard_init) refers to hid_desc.o(.constdata) for Keyboard_ReportDescSize
    hid_keyboard.o(i.Keyboard_init) refers to hid_desc.o(.constdata) for Keyboard_ReportDescriptor
    hid_keyboard.o(i.Keyboard_init) refers to hid_main.o(.data) for g_pUsbApi
    hid_keyboard.o(i.Keyboard_init) refers to hid_keyboard.o(.bss) for .bss
    hid_main.o(i.EP0_patch) refers to hid_main.o(.data) for .data
    hid_main.o(i.USB0_IRQHandler) refers to hid_main.o(.data) for .data
    hid_main.o(i.main) refers to chip_18xx_43xx.o(i.SystemCoreClockUpdate) for SystemCoreClockUpdate
    hid_main.o(i.main) refers to board.o(i.Board_Init) for Board_Init
    hid_main.o(i.main) refers to chip_18xx_43xx.o(i.Chip_USB0_Init) for Chip_USB0_Init
    hid_main.o(i.main) refers to rt_memclr_w.o(.text) for __aeabi_memclr4
    hid_main.o(i.main) refers to hid_keyboard.o(i.Keyboard_init) for Keyboard_init
    hid_main.o(i.main) refers to hid_keyboard.o(i.Keyboard_Tasks) for Keyboard_Tasks
    hid_main.o(i.main) refers to hid_main.o(.data) for .data
    hid_main.o(i.main) refers to hid_desc.o(.constdata) for USB_DeviceDescriptor
    hid_main.o(i.main) refers to hid_desc.o(.constdata) for USB_StringDescriptor
    hid_main.o(i.main) refers to hid_desc.o(.data) for USB_HsConfigDescriptor
    hid_main.o(i.main) refers to hid_desc.o(.data) for USB_FsConfigDescriptor
    hid_main.o(i.main) refers to hid_desc.o(.constdata) for USB_DeviceQualifier
    hid_main.o(i.main) refers to hid_main.o(i.EP0_patch) for EP0_patch
    chip_18xx_43xx.o(i.Chip_USB0_Init) refers to chip_18xx_43xx.o(i.Chip_USB_PllSetup) for Chip_USB_PllSetup
    chip_18xx_43xx.o(i.Chip_USB0_Init) refers to clock_18xx_43xx.o(i.Chip_Clock_SetBaseClock) for Chip_Clock_SetBaseClock
    chip_18xx_43xx.o(i.Chip_USB0_Init) refers to clock_18xx_43xx.o(i.Chip_Clock_EnableBaseClock) for Chip_Clock_EnableBaseClock
    chip_18xx_43xx.o(i.Chip_USB0_Init) refers to clock_18xx_43xx.o(i.Chip_Clock_EnableOpts) for Chip_Clock_EnableOpts
[...]
    ring_buffer.o(i.RingBuffer_InsertMult) refers to rt_memcpy_v6.o(.text) for __aeabi_memcpy
    ring_buffer.o(i.RingBuffer_Pop) refers to ring_buffer.o(i.RingBuffer_IsEmpty) for RingBuffer_IsEmpty
    ring_buffer.o(i.RingBuffer_Pop) refers to rt_memcpy_v6.o(.text) for __aeabi_memcpy
    ring_buffer.o(i.RingBuffer_PopMult) refers to ring_buffer.o(i.RingBuffer_IsEmpty) for RingBuffer_IsEmpty
    ring_buffer.o(i.RingBuffer_PopMult) refers to rt_memcpy_v6.o(.text) for __aeabi_memcpy
    rt_memcpy_v6.o(.text) refers to rt_memcpy_w.o(.text) for __aeabi_memcpy4
    __main.o(!!!main) refers to rtentry.o(.ARM.Collect$$rtentry$$00000000) for __rt_entry
    rtentry.o(.ARM.Collect$$rtentry$$00000000) refers (Special) to rtentry2.o(.ARM.Collect$$rtentry$$0000000A) for __rt_entry_li
    rtentry.o(.ARM.Collect$$rtentry$$00000000) refers (Special) to rtentry2.o(.ARM.Collect$$rtentry$$0000000D) for __rt_entry_main
    rtentry.o(.ARM.Collect$$rtentry$$00000000) refers (Special) to rtentry2.o(.ARM.Collect$$rtentry$$0000000C) for __rt_entry_postli_1
    rtentry.o(.ARM.Collect$$rtentry$$00000000) refers (Special) to rtentry2.o(.ARM.Collect$$rtentry$$00000009) for __rt_entry_postsh_1
    rtentry.o(.ARM.Collect$$rtentry$$00000000) refers (Special) to rtentry2.o(.ARM.Collect$$rtentry$$00000002) for __rt_entry_presh_1
    rtentry.o(.ARM.Collect$$rtentry$$00000000) refers (Special) to rtentry4.o(.ARM.Collect$$rtentry$$00000004) for __rt_entry_sh
    aeabi_ldiv0_sigfpe.o(.text) refers to rt_div0.o(.text) for __rt_div0
    rtentry2.o(.ARM.Collect$$rtentry$$00000008) refers to boardinit2.o(.text) for _platform_post_stackheap_init
    rtentry2.o(.ARM.Collect$$rtentry$$0000000A) refers to libinit.o(.ARM.Collect$$libinit$$00000000) for __rt_lib_init
    rtentry2.o(.ARM.Collect$$rtentry$$0000000B) refers to boardinit3.o(.text) for _platform_post_lib_init
    rtentry2.o(.ARM.Collect$$rtentry$$0000000D) refers to hid_main.o(i.main) for main
    rtentry2.o(.ARM.Collect$$rtentry$$0000000D) refers to exit.o(.text) for exit
    rtentry2.o(.ARM.exidx) refers to rtentry2.o(.ARM.Collect$$rtentry$$00000001) for .ARM.Collect$$rtentry$$00000001
    rtentry2.o(.ARM.exidx) refers to rtentry2.o(.ARM.Collect$$rtentry$$00000008) for .ARM.Collect$$rtentry$$00000008
    rtentry2.o(.ARM.exidx) refers to rtentry2.o(.ARM.Collect$$rtentry$$0000000A) for .ARM.Collect$$rtentry$$0000000A
    rtentry2.o(.ARM.exidx) refers to rtentry2.o(.ARM.Collect$$rtentry$$0000000B) for .ARM.Collect$$rtentry$$0000000B
    rtentry2.o(.ARM.exidx) refers to rtentry2.o(.ARM.Collect$$rtentry$$0000000D) for .ARM.Collect$$rtentry$$0000000D
    rtentry4.o(.ARM.Collect$$rtentry$$00000004) refers to sys_stackheap_outer.o(.text) for __user_setup_stackheap
    rtentry4.o(.ARM.exidx) refers to rtentry4.o(.ARM.Collect$$rtentry$$00000004) for .ARM.Collect$$rtentry$$00000004
    rt_div0.o(.text) refers to defsig_fpe_outer.o(.text) for __rt_SIGFPE
    sys_stackheap_outer.o(.text) refers to libspace.o(.text) for __user_perproc_libspace
    sys_stackheap_outer.o(.text) refers to keil_startup_lpc18xx43xx.o(.text) for __user_initial_stackheap
    exit.o(.text) refers to rtexit.o(.ARM.Collect$$rtexit$$00000000) for __rt_exit
    defsig_fpe_outer.o(.text) refers to defsig_fpe_inner.o(.text) for __rt_SIGFPE_inner
    defsig_fpe_outer.o(.text) refers to defsig_exit.o(.text) for __sig_exit
    defsig_fpe_formal.o(.text) refers to rt_raise.o(.text) for __rt_raise
    libinit.o(.ARM.Collect$$libinit$$00000000) refers (Special) to libinit2.o(.ARM.Collect$$libinit$$0000002C) for __rt_lib_init_alloca_1
    libinit.o(.ARM.Collect$$libinit$$00000000) refers (Special) to libinit2.o(.ARM.Collect$$libinit$$0000002A) for __rt_lib_init_argv_1
    libinit.o(.ARM.Collect$$libinit$$00000000) refers (Special) to libinit2.o(.ARM.Collect$$libinit$$00000019) for __rt_lib_init_atexit_1
    libinit.o(.ARM.Collect$$libinit$$00000000) refers (Special) to libinit2.o(.ARM.Collect$$libinit$$0000001F) for __rt_lib_init_clock_1
    libinit.o(.ARM.Collect$$libinit$$00000000) refers (Special) to libinit2.o(.ARM.Collect$$libinit$$00000030) for __rt_lib_init_cpp_1
    libinit.o(.ARM.Collect$$libinit$$00000000) refers (Special) to libinit2.o(.ARM.Collect$$libinit$$0000002E) for __rt_lib_init_exceptions_1
    libinit.o(.ARM.Collect$$libinit$$00000000) refers (Special) to libinit2.o(.ARM.Collect$$libinit$$00000002) for __rt_lib_init_fp_1
    libinit.o(.ARM.Collect$$libinit$$00000000) refers (Special) to libinit2.o(.ARM.Collect$$libinit$$0000001D) for __rt_lib_init_fp_trap_1
    libinit.o(.ARM.Collect$$libinit$$00000000) refers (Special) to libinit2.o(.ARM.Collect$$libinit$$00000021) for __rt_lib_init_getenv_1
    libinit.o(.ARM.Collect$$libinit$$00000000) refers (Special) to libinit2.o(.ARM.Collect$$libinit$$00000008) for __rt_lib_init_heap_1
    libinit.o(.ARM.Collect$$libinit$$00000000) refers (Special) to libinit2.o(.ARM.Collect$$libinit$$0000000F) for __rt_lib_init_lc_collate_1
    libinit.o(.ARM.Collect$$libinit$$00000000) refers (Special) to libinit2.o(.ARM.Collect$$libinit$$00000011) for __rt_lib_init_lc_ctype_1
    libinit.o(.ARM.Collect$$libinit$$00000000) refers (Special) to libinit2.o(.ARM.Collect$$libinit$$00000013) for __rt_lib_init_lc_monetary_1
    libinit.o(.ARM.Collect$$libinit$$00000000) refers (Special) to libinit2.o(.ARM.Collect$$libinit$$00000015) for __rt_lib_init_lc_numeric_1
    libinit.o(.ARM.Collect$$libinit$$00000000) refers (Special) to libinit2.o(.ARM.Collect$$libinit$$00000017) for __rt_lib_init_lc_time_1
    libinit.o(.ARM.Collect$$libinit$$00000000) refers (Special) to libinit2.o(.ARM.Collect$$libinit$$0000000C) for __rt_lib_init_rand_1
    libinit.o(.ARM.Collect$$libinit$$00000000) refers (Special) to libinit2.o(.ARM.Collect$$libinit$$00000031) for __rt_lib_init_return
    libinit.o(.ARM.Collect$$libinit$$00000000) refers (Special) to libinit2.o(.ARM.Collect$$libinit$$0000001B) for __rt_lib_init_signal_1
    libinit.o(.ARM.Collect$$libinit$$00000000) refers (Special) to libinit2.o(.ARM.Collect$$libinit$$00000023) for __rt_lib_init_stdio_1
    libinit.o(.ARM.Collect$$libinit$$00000000) refers (Special) to libinit2.o(.ARM.Collect$$libinit$$0000000A) for __rt_lib_init_user_alloc_1
    libspace.o(.text) refers to libspace.o(.bss) for __libspace_start
    rtexit.o(.ARM.Collect$$rtexit$$00000000) refers (Special) to rtexit2.o(.ARM.Collect$$rtexit$$00000004) for __rt_exit_exit
    rtexit.o(.ARM.Collect$$rtexit$$00000000) refers (Special) to rtexit2.o(.ARM.Collect$$rtexit$$00000003) for __rt_exit_ls
    rtexit.o(.ARM.Collect$$rtexit$$00000000) refers (Special) to rtexit2.o(.ARM.Collect$$rtexit$$00000002) for __rt_exit_prels_1
    rtexit.o(.ARM.exidx) refers (Special) to rtexit2.o(.ARM.Collect$$rtexit$$00000004) for __rt_exit_exit
    rtexit.o(.ARM.exidx) refers (Special) to rtexit2.o(.ARM.Collect$$rtexit$$00000003) for __rt_exit_ls
    rtexit.o(.ARM.exidx) refers (Special) to rtexit2.o(.ARM.Collect$$rtexit$$00000002) for __rt_exit_prels_1
    rtexit.o(.ARM.exidx) refers to rtexit.o(.ARM.Collect$$rtexit$$00000000) for .ARM.Collect$$rtexit$$00000000
    rt_raise.o(.text) refers to __raise.o(.text) for __raise
    rt_raise.o(.text) refers to board.o(i._sys_exit) for _sys_exit
    defsig_exit.o(.text) refers to board.o(i._sys_exit) for _sys_exit
    defsig_fpe_inner.o(.text) refers to defsig_general.o(.text) for __default_signal_display
    libinit2.o(.ARM.Collect$$libinit$$0000000E) refers to libinit2.o(.ARM.Collect$$libinit$$0000000D) for .ARM.Collect$$libinit$$0000000D
    libinit2.o(.ARM.Collect$$libinit$$00000010) refers to libinit2.o(.ARM.Collect$$libinit$$0000000D) for .ARM.Collect$$libinit$$0000000D
    libinit2.o(.ARM.Collect$$libinit$$00000012) refers to libinit2.o(.ARM.Collect$$libinit$$0000000D) for .ARM.Collect$$libinit$$0000000D
    libinit2.o(.ARM.Collect$$libinit$$00000014) refers to libinit2.o(.ARM.Collect$$libinit$$0000000D) for .ARM.Collect$$libinit$$0000000D
    libinit2.o(.ARM.Collect$$libinit$$00000016) refers to libinit2.o(.ARM.Collect$$libinit$$0000000D) for .ARM.Collect$$libinit$$0000000D
    libinit2.o(.ARM.Collect$$libinit$$00000024) refers to argv_veneer.o(.emb_text) for __ARM_argv_veneer
    libinit2.o(.ARM.Collect$$libinit$$00000025) refers to argv_veneer.o(.emb_text) for __ARM_argv_veneer
    rtexit2.o(.ARM.Collect$$rtexit$$00000003) refers to libshutdown.o(.ARM.Collect$$libshutdown$$00000000) for __rt_lib_shutdown
    rtexit2.o(.ARM.Collect$$rtexit$$00000004) refers to board.o(i._sys_exit) for _sys_exit
    rtexit2.o(.ARM.exidx) refers to rtexit2.o(.ARM.Collect$$rtexit$$00000001) for .ARM.Collect$$rtexit$$00000001
    rtexit2.o(.ARM.exidx) refers to rtexit2.o(.ARM.Collect$$rtexit$$00000003) for .ARM.Collect$$rtexit$$00000003
    rtexit2.o(.ARM.exidx) refers to rtexit2.o(.ARM.Collect$$rtexit$$00000004) for .ARM.Collect$$rtexit$$00000004
    __raise.o(.text) refers to defsig.o(CL$$defsig) for __default_signal_handler
    defsig_general.o(.text) refers to sys_wrch.o(.text) for _ttywrch
    argv_veneer.o(.emb_text) refers to no_argv.o(.text) for __ARM_get_argv
    sys_wrch.o(.text) refers (Special) to use_no_semi.o(.text) for __I$use$semihosting
    sys_wrch.o(.text) refers (Special) to indicate_semi.o(.text) for __semihosting_library_function
    defsig.o(CL$$defsig) refers to defsig_fpe_inner.o(.text) for __rt_SIGFPE_inner
    defsig.o(CL$$defsig) refers to defsig_rtmem_inner.o(.text) for __rt_SIGRTMEM_inner
    _get_argv_nomalloc.o(.text) refers (Special) to hrguard.o(.text) for __heap_region$guard
    _get_argv_nomalloc.o(.text) refers to defsig_rtmem_outer.o(.text) for __rt_SIGRTMEM
    _get_argv_nomalloc.o(.text) refers to sys_command.o(.text) for _sys_command_string
    libshutdown.o(.ARM.Collect$$libshutdown$$00000000) refers (Special) to libshutdown2.o(.ARM.Collect$$libshutdown$$00000006) for __rt_lib_shutdown_fp_trap_1
    libshutdown.o(.ARM.Collect$$libshutdown$$00000000) refers (Special) to libshutdown2.o(.ARM.Collect$$libshutdown$$0000000E) for __rt_lib_shutdown_heap_1
    libshutdown.o(.ARM.Collect$$libshutdown$$00000000) refers (Special) to libshutdown2.o(.ARM.Collect$$libshutdown$$0000000F) for __rt_lib_shutdown_return
    libshutdown.o(.ARM.Collect$$libshutdown$$00000000) refers (Special) to libshutdown2.o(.ARM.Collect$$libshutdown$$00000009) for __rt_lib_shutdown_signal_1
    libshutdown.o(.ARM.Collect$$libshutdown$$00000000) refers (Special) to libshutdown2.o(.ARM.Collect$$libshutdown$$00000003) for __rt_lib_shutdown_stdio_1
    libshutdown.o(.ARM.Collect$$libshutdown$$00000000) refers (Special) to libshutdown2.o(.ARM.Collect$$libshutdown$$0000000B) for __rt_lib_shutdown_user_alloc_1
    sys_command.o(.text) refers (Special) to use_no_semi.o(.text) for __I$use$semihosting
    sys_command.o(.text) refers (Special) to indicate_semi.o(.text) for __semihosting_library_function
    defsig_abrt_inner.o(.text) refers to defsig_general.o(.text) for __default_signal_display
    defsig_rtred_inner.o(.text) refers to defsig_general.o(.text) for __default_signal_display
    defsig_rtmem_inner.o(.text) refers to defsig_general.o(.text) for __default_signal_display
    defsig_rtmem_outer.o(.text) refers to defsig_rtmem_inner.o(.text) for __rt_SIGRTMEM_inner
    defsig_rtmem_outer.o(.text) refers to defsig_exit.o(.text) for __sig_exit
    defsig_rtmem_formal.o(.text) refers to rt_raise.o(.text) for __rt_raise
    defsig_stak_inner.o(.text) refers to defsig_general.o(.text) for __default_signal_display
    defsig_pvfn_inner.o(.text) refers to defsig_general.o(.text) for __default_signal_display
    defsig_cppl_inner.o(.text) refers to defsig_general.o(.text) for __default_signal_display
    defsig_segv_inner.o(.text) refers to defsig_general.o(.text) for __default_signal_display
    defsig_other.o(.text) refers to defsig_general.o(.text) for __default_signal_display


==============================================================================

Removing Unused input sections from the image.

    Removing sysinit.o(.rev16_text), (4 bytes).
    Removing sysinit.o(.revsh_text), (4 bytes).
    Removing hid_keyboard.o(.rev16_text), (4 bytes).
    Removing hid_keyboard.o(.revsh_text), (4 bytes).
    Removing hid_main.o(.rev16_text), (4 bytes).
    Removing hid_main.o(.revsh_text), (4 bytes).
    Removing hid_main.o(i.find_IntfDesc), (34 bytes).
    Removing chip_18xx_43xx.o(.rev16_text), (4 bytes).
    Removing chip_18xx_43xx.o(.revsh_text), (4 bytes).
    Removing chip_18xx_43xx.o(i.Chip_USB1_Init), (68 bytes).
    Removing board.o(.rev16_text), (4 bytes).
    Removing board.o(.revsh_text), (4 bytes).
    Removing board.o(i.Board_ADC_Init), (2 bytes).
    Removing board.o(i.Board_Audio_CodecInit), (84 bytes).
    Removing board.o(i.Board_Audio_Init), (56 bytes).
    Removing board.o(i.Board_DAC_Init), (16 bytes).
    Removing board.o(i.Board_ENET_GetMacADDR), (32 bytes).
    Removing board.o(i.Board_GetTouchPos), (56 bytes).
    Removing board.o(i.Board_I2C_GetTouchPos), (172 bytes).
    Removing board.o(i.Board_I2C_Init), (44 bytes).
    Removing board.o(i.Board_InitLCDController), (604 bytes).
    Removing board.o(i.Board_InitTouchController), (208 bytes).
    Removing board.o(i.Board_LCD_Init), (40 bytes).
    Removing board.o(i.Board_LED_Test), (32 bytes).
    Removing board.o(i.Board_LED_Toggle), (22 bytes).
    Removing board.o(i.Board_SDMMC_Init), (76 bytes).
    Removing board.o(i.Board_SSP_Init), (108 bytes).
    Removing board.o(i.Board_SetLCDBacklight), (16 bytes).
    Removing board.o(i.Board_UARTGetChar), (24 bytes).
    Removing board.o(i.Board_UARTPutChar), (16 bytes).
    Removing board.o(i.Board_UARTPutSTR), (20 bytes).
    Removing board.o(i._sys_open), (4 bytes).
    Removing board.o(i.ferror), (6 bytes).
    Removing board.o(i.fgetc), (4 bytes).
    Removing board.o(i.fputc), (12 bytes).
    Removing board.o(i.getTSCCoord), (114 bytes).
    Removing board.o(i.readTSCReg), (20 bytes).
    Removing board.o(i.writeLCDReg), (112 bytes).
    Removing board.o(i.writeTSCReg), (24 bytes).
    Removing board.o(.constdata), (4 bytes).
    Removing board.o(.constdata), (4 bytes).
    Removing board.o(.constdata), (4 bytes).
    Removing board.o(.constdata), (4 bytes).
    Removing board.o(.constdata), (22 bytes).
    Removing board.o(.data), (4 bytes).
    Removing board.o(.data), (4 bytes).
    Removing board.o(.data), (4 bytes).
    Removing board.o(.data), (8 bytes).
    Removing board_sysinit.o(.rev16_text), (4 bytes).
    Removing board_sysinit.o(.revsh_text), (4 bytes).
    Removing clock_18xx_43xx.o(.rev16_text), (4 bytes).
    Removing clock_18xx_43xx.o(.revsh_text), (4 bytes).
    Removing clock_18xx_43xx.o(i.Chip_Clock_ClearPowerDown), (20 bytes).
    Removing clock_18xx_43xx.o(i.Chip_Clock_Disable), (52 bytes).
    Removing clock_18xx_43xx.o(i.Chip_Clock_DisableBaseClock), (24 bytes).
    Removing clock_18xx_43xx.o(i.Chip_Clock_DisableCrystal), (16 bytes).
    Removing clock_18xx_43xx.o(i.Chip_Clock_DisablePLL), (20 bytes).
    Removing clock_18xx_43xx.o(i.Chip_Clock_EnableMainPLL), (16 bytes).
    Removing clock_18xx_43xx.o(i.Chip_Clock_GetBaseClockOpts), (52 bytes).
    Removing clock_18xx_43xx.o(i.Chip_Clock_IsBaseClockEnabled), (28 bytes).
    Removing clock_18xx_43xx.o(i.Chip_Clock_MainPLLLocked), (16 bytes).
    Removing clock_18xx_43xx.o(i.Chip_Clock_RTCEnable), (24 bytes).
    Removing clock_18xx_43xx.o(i.Chip_Clock_StartPowerDown), (20 bytes).
    Removing emc_18xx_43xx.o(.rev16_text), (4 bytes).
    Removing emc_18xx_43xx.o(.revsh_text), (4 bytes).
    Removing emc_18xx_43xx.o(i.Chip_EMC_Dynamic_Enable), (28 bytes).
    Removing emc_18xx_43xx.o(i.Chip_EMC_Enable), (28 bytes).
    Removing emc_18xx_43xx.o(i.Chip_EMC_LowPowerMode), (28 bytes).
    Removing emc_18xx_43xx.o(i.Chip_EMC_Mirror), (28 bytes).
    Removing gpio_18xx_43xx.o(.rev16_text), (4 bytes).
    Removing gpio_18xx_43xx.o(.revsh_text), (4 bytes).
    Removing gpio_18xx_43xx.o(i.Chip_GPIO_DeInit), (2 bytes).
    Removing gpio_18xx_43xx.o(i.Chip_GPIO_SetDir), (22 bytes).
    Removing gpio_18xx_43xx.o(i.Chip_GPIO_SetPinDIR), (26 bytes).
    Removing gpio_18xx_43xx.o(i.Chip_GPIO_SetPortDIR), (22 bytes).
    Removing gpio_18xx_43xx.o(i.Chip_GPIO_WriteDirBit), (28 bytes).
    Removing i2c_18xx_43xx.o(.rev16_text), (4 bytes).
    Removing i2c_18xx_43xx.o(.revsh_text), (4 bytes).
    Removing i2c_18xx_43xx.o(i.Chip_I2C_DeInit), (28 bytes).
    Removing i2c_18xx_43xx.o(i.Chip_I2C_Disable), (20 bytes).
    Removing i2c_18xx_43xx.o(i.Chip_I2C_EventHandler), (32 bytes).
    Removing i2c_18xx_43xx.o(i.Chip_I2C_EventHandlerPolling), (52 bytes).
    Removing i2c_18xx_43xx.o(i.Chip_I2C_GetClockRate), (36 bytes).
    Removing i2c_18xx_43xx.o(i.Chip_I2C_GetMasterEventHandler), (20 bytes).
    Removing i2c_18xx_43xx.o(i.Chip_I2C_Init), (32 bytes).
    Removing i2c_18xx_43xx.o(i.Chip_I2C_IsMasterActive), (32 bytes).
    Removing i2c_18xx_43xx.o(i.Chip_I2C_IsStateChanged), (24 bytes).
    Removing i2c_18xx_43xx.o(i.Chip_I2C_MasterCmdRead), (56 bytes).
    Removing i2c_18xx_43xx.o(i.Chip_I2C_MasterRead), (48 bytes).
    Removing i2c_18xx_43xx.o(i.Chip_I2C_MasterSend), (48 bytes).
    Removing i2c_18xx_43xx.o(i.Chip_I2C_MasterStateHandler), (48 bytes).
    Removing i2c_18xx_43xx.o(i.Chip_I2C_MasterTransfer), (100 bytes).
    Removing i2c_18xx_43xx.o(i.Chip_I2C_SetClockRate), (44 bytes).
    Removing i2c_18xx_43xx.o(i.Chip_I2C_SetMasterEventHandler), (36 bytes).
    Removing i2c_18xx_43xx.o(i.Chip_I2C_SlaveSetup), (112 bytes).
    Removing i2c_18xx_43xx.o(i.Chip_I2C_SlaveStateHandler), (104 bytes).
    Removing i2c_18xx_43xx.o(i.getClkRate), (20 bytes).
    Removing i2c_18xx_43xx.o(i.getSlaveIndex), (46 bytes).
    Removing i2c_18xx_43xx.o(i.handleMasterXferState), (184 bytes).
    Removing i2c_18xx_43xx.o(i.handleSlaveXferState), (156 bytes).
    Removing i2c_18xx_43xx.o(i.isSlaveAddrMatching), (20 bytes).
    Removing i2c_18xx_43xx.o(i.lookupSlaveIndex), (90 bytes).
    Removing i2c_18xx_43xx.o(.bss), (80 bytes).
    Removing i2c_18xx_43xx.o(.data), (56 bytes).
    Removing i2s_18xx_43xx.o(.rev16_text), (4 bytes).
    Removing i2s_18xx_43xx.o(.revsh_text), (4 bytes).
    Removing i2s_18xx_43xx.o(i.Chip_I2S_DMA_RxCmd), (36 bytes).
    Removing i2s_18xx_43xx.o(i.Chip_I2S_DMA_TxCmd), (36 bytes).
    Removing i2s_18xx_43xx.o(i.Chip_I2S_DeInit), (30 bytes).
    Removing i2s_18xx_43xx.o(i.Chip_I2S_Init), (6 bytes).
    Removing i2s_18xx_43xx.o(i.Chip_I2S_Int_RxCmd), (36 bytes).
    Removing i2s_18xx_43xx.o(i.Chip_I2S_Int_TxCmd), (36 bytes).
    Removing i2s_18xx_43xx.o(i.Chip_I2S_RxConfig), (108 bytes).
    Removing i2s_18xx_43xx.o(i.Chip_I2S_TxConfig), (108 bytes).
    Removing i2s_18xx_43xx.o(i.getClkDiv), (218 bytes).
    Removing rgu_18xx_43xx.o(.rev16_text), (4 bytes).
    Removing rgu_18xx_43xx.o(.revsh_text), (4 bytes).
    Removing rgu_18xx_43xx.o(i.Chip_RGU_ClearReset), (20 bytes).
    Removing rgu_18xx_43xx.o(i.Chip_RGU_InReset), (32 bytes).
    Removing rgu_18xx_43xx.o(i.Chip_RGU_TriggerReset), (24 bytes).
    Removing ssp_18xx_43xx.o(.rev16_text), (4 bytes).
    Removing ssp_18xx_43xx.o(.revsh_text), (4 bytes).
    Removing ssp_18xx_43xx.o(i.Chip_SSP_DeInit), (22 bytes).
    Removing ssp_18xx_43xx.o(i.Chip_SSP_GetClockIndex), (20 bytes).
    Removing ssp_18xx_43xx.o(i.Chip_SSP_GetRawIntStatus), (10 bytes).
    Removing ssp_18xx_43xx.o(i.Chip_SSP_GetStatus), (10 bytes).
    Removing ssp_18xx_43xx.o(i.Chip_SSP_Init), (48 bytes).
    Removing ssp_18xx_43xx.o(i.Chip_SSP_Int_FlushData), (42 bytes).
    Removing ssp_18xx_43xx.o(i.Chip_SSP_Int_RWFrames16Bits), (84 bytes).
    Removing ssp_18xx_43xx.o(i.Chip_SSP_Int_RWFrames8Bits), (84 bytes).
    Removing ssp_18xx_43xx.o(i.Chip_SSP_RWFrames_Blocking), (186 bytes).
    Removing ssp_18xx_43xx.o(i.Chip_SSP_ReadFrames_Blocking), (198 bytes).
    Removing ssp_18xx_43xx.o(i.Chip_SSP_SetBitRate), (60 bytes).
    Removing ssp_18xx_43xx.o(i.Chip_SSP_SetClockRate), (18 bytes).
    Removing ssp_18xx_43xx.o(i.Chip_SSP_SetMaster), (18 bytes).
    Removing ssp_18xx_43xx.o(i.Chip_SSP_WriteFrames_Blocking), (184 bytes).
    Removing ssp_18xx_43xx.o(i.SSP_Read1BFifo), (46 bytes).
    Removing ssp_18xx_43xx.o(i.SSP_Read2BFifo), (46 bytes).
    Removing ssp_18xx_43xx.o(i.SSP_Write1BFifo), (22 bytes).
    Removing ssp_18xx_43xx.o(i.SSP_Write2BFifo), (24 bytes).
    Removing uart_18xx_43xx.o(.rev16_text), (4 bytes).
    Removing uart_18xx_43xx.o(.revsh_text), (4 bytes).
    Removing uart_18xx_43xx.o(i.Chip_UART_ABCmd), (56 bytes).
    Removing uart_18xx_43xx.o(i.Chip_UART_CheckBusy), (14 bytes).
    Removing uart_18xx_43xx.o(i.Chip_UART_DeInit), (18 bytes).
    Removing uart_18xx_43xx.o(i.Chip_UART_GetABEOStatus), (12 bytes).
    Removing uart_18xx_43xx.o(i.Chip_UART_IRQRBHandler), (108 bytes).
    Removing uart_18xx_43xx.o(i.Chip_UART_RXIntHandlerRB), (30 bytes).
    Removing uart_18xx_43xx.o(i.Chip_UART_Read), (28 bytes).
    Removing uart_18xx_43xx.o(i.Chip_UART_ReadBlocking), (36 bytes).
    Removing uart_18xx_43xx.o(i.Chip_UART_ReadRB), (16 bytes).
    Removing uart_18xx_43xx.o(i.Chip_UART_Send), (28 bytes).
    Removing uart_18xx_43xx.o(i.Chip_UART_SendBlocking), (36 bytes).
    Removing uart_18xx_43xx.o(i.Chip_UART_SendRB), (64 bytes).
    Removing uart_18xx_43xx.o(i.Chip_UART_SetBaudFDR), (194 bytes).
    Removing uart_18xx_43xx.o(i.Chip_UART_TXIntHandlerRB), (52 bytes).
    Removing uart_18xx_43xx.o(i.RingBuffer_IsEmpty), (16 bytes).
    Removing uart_18xx_43xx.o(.data), (1 bytes).
    Removing sysinit_18xx_43xx.o(.rev16_text), (4 bytes).
    Removing sysinit_18xx_43xx.o(.revsh_text), (4 bytes).
    Removing sysinit_18xx_43xx.o(i.Chip_SetupIrcClocking), (16 bytes).
    Removing sysinit_18xx_43xx.o(i.Chip_SetupXtalClocking), (16 bytes).
    Removing sysinit_18xx_43xx.o(i.Chip_SystemInit), (4 bytes).
    Removing uda1380.o(.rev16_text), (4 bytes).
    Removing uda1380.o(.revsh_text), (4 bytes).
    Removing uda1380.o(i.Audio_Codec_SetDefaultValues), (28 bytes).
    Removing uda1380.o(i.UDA1380_Init), (136 bytes).
    Removing uda1380.o(i.UDA1380_REG_Read), (34 bytes).
    Removing uda1380.o(i.UDA1380_REG_VerifyMult), (56 bytes).
    Removing uda1380.o(i.UDA1380_REG_Write), (30 bytes).
    Removing uda1380.o(i.UDA1380_REG_WriteMult), (28 bytes).
    Removing uda1380.o(i.UDA1380_REG_WriteVerify), (28 bytes).
    Removing uda1380.o(.constdata), (31 bytes).
    Removing ring_buffer.o(i.RingBuffer_Init), (16 bytes).
    Removing ring_buffer.o(i.RingBuffer_Insert), (48 bytes).
    Removing ring_buffer.o(i.RingBuffer_InsertMult), (122 bytes).
    Removing ring_buffer.o(i.RingBuffer_IsEmpty), (16 bytes).
    Removing ring_buffer.o(i.RingBuffer_IsFull), (20 bytes).
    Removing ring_buffer.o(i.RingBuffer_Pop), (48 bytes).
    Removing ring_buffer.o(i.RingBuffer_PopMult), (118 bytes).

180 unused section(s) (total 7552 bytes) removed from the image.

==============================================================================

Image Symbol Table

    Local Symbols

    Symbol Name                              Value     Ov Type        Size  Object(Section)

    ../clib/angel/boardlib.s                 0x00000000   Number         0  boardinit1.o ABSOLUTE
    ../clib/angel/boardlib.s                 0x00000000   Number         0  boardshut.o ABSOLUTE
    ../clib/angel/boardlib.s                 0x00000000   Number         0  boardinit3.o ABSOLUTE
    ../clib/angel/boardlib.s                 0x00000000   Number         0  boardinit2.o ABSOLUTE
    ../clib/angel/handlers.s                 0x00000000   Number         0  __scatter_zi.o ABSOLUTE
    ../clib/angel/handlers.s                 0x00000000   Number         0  __scatter_copy.o ABSOLUTE
    ../clib/angel/kernel.s                   0x00000000   Number         0  rtentry.o ABSOLUTE
    ../clib/angel/kernel.s                   0x00000000   Number         0  rtexit.o ABSOLUTE
    ../clib/angel/kernel.s                   0x00000000   Number         0  rtexit2.o ABSOLUTE
    ../clib/angel/kernel.s                   0x00000000   Number         0  rtentry4.o ABSOLUTE
    ../clib/angel/kernel.s                   0x00000000   Number         0  rtentry2.o ABSOLUTE
    ../clib/angel/rt.s                       0x00000000   Number         0  aeabi_ldiv0.o ABSOLUTE
    ../clib/angel/rt.s                       0x00000000   Number         0  aeabi_ldiv0_sigfpe.o ABSOLUTE
    ../clib/angel/rt.s                       0x00000000   Number         0  rt_raise.o ABSOLUTE
    ../clib/angel/rt.s                       0x00000000   Number         0  rt_div0.o ABSOLUTE
    ../clib/angel/scatter.s                  0x00000000   Number         0  __scatter.o ABSOLUTE
    ../clib/angel/startup.s                  0x00000000   Number         0  __main.o ABSOLUTE
    ../clib/angel/sys.s                      0x00000000   Number         0  indicate_semi.o ABSOLUTE
    ../clib/angel/sys.s                      0x00000000   Number         0  libspace.o ABSOLUTE
    ../clib/angel/sys.s                      0x00000000   Number         0  use_no_semi.o ABSOLUTE
    ../clib/angel/sys.s                      0x00000000   Number         0  sys_stackheap_outer.o ABSOLUTE
    ../clib/angel/sysapp.c                   0x00000000   Number         0  sys_command.o ABSOLUTE
    ../clib/angel/sysapp.c                   0x00000000   Number         0  sys_wrch.o ABSOLUTE
    ../clib/armsys.c                         0x00000000   Number         0  argv_veneer.o ABSOLUTE
    ../clib/armsys.c                         0x00000000   Number         0  argv_veneer.o ABSOLUTE
    ../clib/armsys.c                         0x00000000   Number         0  _get_argv_nomalloc.o ABSOLUTE
    ../clib/armsys.c                         0x00000000   Number         0  no_argv.o ABSOLUTE
    ../clib/heapalloc.c                      0x00000000   Number         0  hrguard.o ABSOLUTE
    ../clib/heapaux.c                        0x00000000   Number         0  heapauxi.o ABSOLUTE
    ../clib/libinit.s                        0x00000000   Number         0  libinit.o ABSOLUTE
    ../clib/libinit.s                        0x00000000   Number         0  libshutdown.o ABSOLUTE
    ../clib/libinit.s                        0x00000000   Number         0  libshutdown2.o ABSOLUTE
    ../clib/libinit.s                        0x00000000   Number         0  libinit2.o ABSOLUTE
    ../clib/longlong.s                       0x00000000   Number         0  lludivv7m.o ABSOLUTE
    ../clib/memcpset.s                       0x00000000   Number         0  rt_memclr_w.o ABSOLUTE
    ../clib/memcpset.s                       0x00000000   Number         0  rt_memcpy_v6.o ABSOLUTE
    ../clib/memcpset.s                       0x00000000   Number         0  rt_memcpy_w.o ABSOLUTE
    ../clib/signal.c                         0x00000000   Number         0  defsig_rtmem_outer.o ABSOLUTE
    ../clib/signal.c                         0x00000000   Number         0  defsig_stak_inner.o ABSOLUTE
    ../clib/signal.c                         0x00000000   Number         0  defsig_pvfn_inner.o ABSOLUTE
    ../clib/signal.c                         0x00000000   Number         0  defsig_cppl_inner.o ABSOLUTE
    ../clib/signal.c                         0x00000000   Number         0  defsig_segv_inner.o ABSOLUTE
    ../clib/signal.c                         0x00000000   Number         0  defsig_other.o ABSOLUTE
    ../clib/signal.c                         0x00000000   Number         0  defsig_exit.o ABSOLUTE
    ../clib/signal.c                         0x00000000   Number         0  defsig_fpe_inner.o ABSOLUTE
    ../clib/signal.c                         0x00000000   Number         0  defsig_fpe_formal.o ABSOLUTE
    ../clib/signal.c                         0x00000000   Number         0  defsig_fpe_outer.o ABSOLUTE
    ../clib/signal.c                         0x00000000   Number         0  __raise.o ABSOLUTE
    ../clib/signal.c                         0x00000000   Number         0  defsig_rtmem_formal.o ABSOLUTE
    ../clib/signal.c                         0x00000000   Number         0  defsig_abrt_inner.o ABSOLUTE
    ../clib/signal.c                         0x00000000   Number         0  defsig_rtred_inner.o ABSOLUTE
    ../clib/signal.c                         0x00000000   Number         0  defsig_rtmem_inner.o ABSOLUTE
    ../clib/signal.c                         0x00000000   Number         0  defsig_general.o ABSOLUTE
    ../clib/signal.s                         0x00000000   Number         0  defsig.o ABSOLUTE
    ../clib/stdlib.c                         0x00000000   Number         0  exit.o ABSOLUTE
    ../fplib/fpinit.s                        0x00000000   Number         0  fpinit.o ABSOLUTE
    ..\..\..\..\examples\usbd_rom\usbd_rom_hid_keyboard\hid_desc.c 0x00000000   Number         0  hid_desc.o ABSOLUTE
    ..\..\..\..\examples\usbd_rom\usbd_rom_hid_keyboard\hid_keyboard.c 0x00000000   Number         0  hid_keyboard.o ABSOLUTE
    ..\..\..\..\examples\usbd_rom\usbd_rom_hid_keyboard\hid_main.c 0x00000000   Number         0  hid_main.o ABSOLUTE
    ..\..\..\..\startup_code\keil_startup_lpc18xx43xx.s 0x00000000   Number         0  keil_startup_lpc18xx43xx.o ABSOLUTE
    ..\..\..\..\startup_code\sysinit.c       0x00000000   Number         0  sysinit.o ABSOLUTE
    ..\..\board_common\uda1380.c             0x00000000   Number         0  uda1380.o ABSOLUTE
    ..\\..\\..\\..\\examples\\usbd_rom\\usbd_rom_hid_keyboard\\hid_keyboard.c 0x00000000   Number         0  hid_keyboard.o ABSOLUTE
    ..\\..\\..\\..\\examples\\usbd_rom\\usbd_rom_hid_keyboard\\hid_main.c 0x00000000   Number         0  hid_main.o ABSOLUTE
    ..\\..\\..\\..\\startup_code\\sysinit.c  0x00000000   Number         0  sysinit.o ABSOLUTE
    ..\\..\\board_common\\uda1380.c          0x00000000   Number         0  uda1380.o ABSOLUTE
    ..\chip_common\ring_buffer.c             0x00000000   Number         0  ring_buffer.o ABSOLUTE
    board.c                                  0x00000000   Number         0  board.o ABSOLUTE
    board.c                                  0x00000000   Number         0  board.o ABSOLUTE
    board_sysinit.c                          0x00000000   Number         0  board_sysinit.o ABSOLUTE
    board_sysinit.c                          0x00000000   Number         0  board_sysinit.o ABSOLUTE
    chip_18xx_43xx.c                         0x00000000   Number         0  chip_18xx_43xx.o ABSOLUTE
    chip_18xx_43xx.c                         0x00000000   Number         0  chip_18xx_43xx.o ABSOLUTE
    clock_18xx_43xx.c                        0x00000000   Number         0  clock_18xx_43xx.o ABSOLUTE
    clock_18xx_43xx.c                        0x00000000   Number         0  clock_18xx_43xx.o ABSOLUTE
    dc.s                                     0x00000000   Number         0  dc.o ABSOLUTE
    emc_18xx_43xx.c                          0x00000000   Number         0  emc_18xx_43xx.o ABSOLUTE
    emc_18xx_43xx.c                          0x00000000   Number         0  emc_18xx_43xx.o ABSOLUTE
    gpio_18xx_43xx.c                         0x00000000   Number         0  gpio_18xx_43xx.o ABSOLUTE
    gpio_18xx_43xx.c                         0x00000000   Number         0  gpio_18xx_43xx.o ABSOLUTE
    i2c_18xx_43xx.c                          0x00000000   Number         0  i2c_18xx_43xx.o ABSOLUTE
    i2c_18xx_43xx.c                          0x00000000   Number         0  i2c_18xx_43xx.o ABSOLUTE
    i2s_18xx_43xx.c                          0x00000000   Number         0  i2s_18xx_43xx.o ABSOLUTE
    i2s_18xx_43xx.c                          0x00000000   Number         0  i2s_18xx_43xx.o ABSOLUTE
    rgu_18xx_43xx.c                          0x00000000   Number         0  rgu_18xx_43xx.o ABSOLUTE
    rgu_18xx_43xx.c                          0x00000000   Number         0  rgu_18xx_43xx.o ABSOLUTE
    ssp_18xx_43xx.c                          0x00000000   Number         0  ssp_18xx_43xx.o ABSOLUTE
    ssp_18xx_43xx.c                          0x00000000   Number         0  ssp_18xx_43xx.o ABSOLUTE
    sysinit_18xx_43xx.c                      0x00000000   Number         0  sysinit_18xx_43xx.o ABSOLUTE
    sysinit_18xx_43xx.c                      0x00000000   Number         0  sysinit_18xx_43xx.o ABSOLUTE
    uart_18xx_43xx.c                         0x00000000   Number         0  uart_18xx_43xx.o ABSOLUTE
    uart_18xx_43xx.c                         0x00000000   Number         0  uart_18xx_43xx.o ABSOLUTE
    .data                                    0x10000000   Section       35  hid_desc.o(.data)
    .data                                    0x10000024   Section       35  hid_desc.o(.data)
    .data                                    0x10000048   Section       16  hid_main.o(.data)
    g_ep0RxBusy                              0x10000048   Data           4  hid_main.o(.data)
    g_hUsb                                   0x1000004c   Data           4  hid_main.o(.data)
    g_Ep0BaseHdlr                            0x10000050   Data           4  hid_main.o(.data)
    .data                                    0x10000058   Section        4  chip_18xx_43xx.o(.data)
    .data                                    0x1000005c   Section        8  clock_18xx_43xx.o(.data)
    audio_usb_pll_freq                       0x1000005c   Data           8  clock_18xx_43xx.o(.data)
    .bss                                     0x10000064   Section       16  hid_keyboard.o(.bss)
    g_keyBoard                               0x10000064   Data          16  hid_keyboard.o(.bss)
    .bss                                     0x10000074   Section       96  libspace.o(.bss)
    HEAP                                     0x100000d8   Section        0  keil_startup_lpc18xx43xx.o(HEAP)
    STACK                                    0x100000d8   Section      768  keil_startup_lpc18xx43xx.o(STACK)
    Heap_Mem                                 0x100000d8   Data           0  keil_startup_lpc18xx43xx.o(HEAP)
    Stack_Mem                                0x100000d8   Data         768  keil_startup_lpc18xx43xx.o(STACK)
    __initial_sp                             0x100003d8   Data           0  keil_startup_lpc18xx43xx.o(STACK)
    RESET                                    0x1a000000   Section      276  keil_startup_lpc18xx43xx.o(RESET)
    !!!main                                  0x1a000114   Section        8  __main.o(!!!main)
    !!!scatter                               0x1a00011c   Section       52  __scatter.o(!!!scatter)
    !!handler_copy                           0x1a000150   Section       26  __scatter_copy.o(!!handler_copy)
    !!handler_zi                             0x1a00016c   Section       28  __scatter_zi.o(!!handler_zi)
    .ARM.Collect$$libinit$$00000000          0x1a000188   Section        2  libinit.o(.ARM.Collect$$libinit$$00000000)
    .ARM.Collect$$libinit$$00000002          0x1a00018a   Section        0  libinit2.o(.ARM.Collect$$libinit$$00000002)
    .ARM.Collect$$libinit$$00000008          0x1a00018a   Section        0  libinit2.o(.ARM.Collect$$libinit$$00000008)
    .ARM.Collect$$libinit$$0000000A          0x1a00018a   Section        0  libinit2.o(.ARM.Collect$$libinit$$0000000A)
    .ARM.Collect$$libinit$$0000000C          0x1a00018a   Section        0  libinit2.o(.ARM.Collect$$libinit$$0000000C)
    .ARM.Collect$$libinit$$0000000F          0x1a00018a   Section        0  libinit2.o(.ARM.Collect$$libinit$$0000000F)
    .ARM.Collect$$libinit$$00000011          0x1a00018a   Section        0  libinit2.o(.ARM.Collect$$libinit$$00000011)
    .ARM.Collect$$libinit$$00000013          0x1a00018a   Section        0  libinit2.o(.ARM.Collect$$libinit$$00000013)
    .ARM.Collect$$libinit$$00000015          0x1a00018a   Section        0  libinit2.o(.ARM.Collect$$libinit$$00000015)
    .ARM.Collect$$libinit$$00000017          0x1a00018a   Section        0  libinit2.o(.ARM.Collect$$libinit$$00000017)
    .ARM.Collect$$libinit$$00000019          0x1a00018a   Section        0  libinit2.o(.ARM.Collect$$libinit$$00000019)
    .ARM.Collect$$libinit$$0000001B          0x1a00018a   Section        0  libinit2.o(.ARM.Collect$$libinit$$0000001B)
    .ARM.Collect$$libinit$$0000001D          0x1a00018a   Section        0  libinit2.o(.ARM.Collect$$libinit$$0000001D)
    .ARM.Collect$$libinit$$0000001F          0x1a00018a   Section        0  libinit2.o(.ARM.Collect$$libinit$$0000001F)
    .ARM.Collect$$libinit$$00000021          0x1a00018a   Section        0  libinit2.o(.ARM.Collect$$libinit$$00000021)
    .ARM.Collect$$libinit$$00000023          0x1a00018a   Section        0  libinit2.o(.ARM.Collect$$libinit$$00000023)
    .ARM.Collect$$libinit$$0000002A          0x1a00018a   Section        0  libinit2.o(.ARM.Collect$$libinit$$0000002A)
    .ARM.Collect$$libinit$$0000002C          0x1a00018a   Section        0  libinit2.o(.ARM.Collect$$libinit$$0000002C)
    .ARM.Collect$$libinit$$0000002E          0x1a00018a   Section        0  libinit2.o(.ARM.Collect$$libinit$$0000002E)
    .ARM.Collect$$libinit$$00000030          0x1a00018a   Section        0  libinit2.o(.ARM.Collect$$libinit$$00000030)
    .ARM.Collect$$libinit$$00000031          0x1a00018a   Section        2  libinit2.o(.ARM.Collect$$libinit$$00000031)
    .ARM.Collect$$libshutdown$$00000000      0x1a00018c   Section        2  libshutdown.o(.ARM.Collect$$libshutdown$$00000000)
    .ARM.Collect$$libshutdown$$00000003      0x1a00018e   Section        0  libshutdown2.o(.ARM.Collect$$libshutdown$$00000003)
    .ARM.Collect$$libshutdown$$00000006      0x1a00018e   Section        0  libshutdown2.o(.ARM.Collect$$libshutdown$$00000006)
    .ARM.Collect$$libshutdown$$00000009      0x1a00018e   Section        0  libshutdown2.o(.ARM.Collect$$libshutdown$$00000009)
    .ARM.Collect$$libshutdown$$0000000B      0x1a00018e   Section        0  libshutdown2.o(.ARM.Collect$$libshutdown$$0000000B)
    .ARM.Collect$$libshutdown$$0000000E      0x1a00018e   Section        0  libshutdown2.o(.ARM.Collect$$libshutdown$$0000000E)
    .ARM.Collect$$libshutdown$$0000000F      0x1a00018e   Section        2  libshutdown2.o(.ARM.Collect$$libshutdown$$0000000F)
    .ARM.Collect$$rtentry$$00000000          0x1a000190   Section        0  rtentry.o(.ARM.Collect$$rtentry$$00000000)
    .ARM.Collect$$rtentry$$00000002          0x1a000190   Section        0  rtentry2.o(.ARM.Collect$$rtentry$$00000002)
    .ARM.Collect$$rtentry$$00000004          0x1a000190   Section        6  rtentry4.o(.ARM.Collect$$rtentry$$00000004)
    .ARM.Collect$$rtentry$$00000009          0x1a000196   Section        0  rtentry2.o(.ARM.Collect$$rtentry$$00000009)
    .ARM.Collect$$rtentry$$0000000A          0x1a000196   Section        4  rtentry2.o(.ARM.Collect$$rtentry$$0000000A)
    .ARM.Collect$$rtentry$$0000000C          0x1a00019a   Section        0  rtentry2.o(.ARM.Collect$$rtentry$$0000000C)
    .ARM.Collect$$rtentry$$0000000D          0x1a00019a   Section        8  rtentry2.o(.ARM.Collect$$rtentry$$0000000D)
    .ARM.Collect$$rtexit$$00000000           0x1a0001a2   Section        2  rtexit.o(.ARM.Collect$$rtexit$$00000000)
    .ARM.Collect$$rtexit$$00000002           0x1a0001a4   Section        0  rtexit2.o(.ARM.Collect$$rtexit$$00000002)
    .ARM.Collect$$rtexit$$00000003           0x1a0001a4   Section        4  rtexit2.o(.ARM.Collect$$rtexit$$00000003)
    .ARM.Collect$$rtexit$$00000004           0x1a0001a8   Section        6  rtexit2.o(.ARM.Collect$$rtexit$$00000004)
    .text                                    0x1a0001b0   Section       64  keil_startup_lpc18xx43xx.o(.text)
    .text                                    0x1a0001f0   Section       78  rt_memclr_w.o(.text)
    .text                                    0x1a00023e   Section        0  heapauxi.o(.text)
    .text                                    0x1a000244   Section       74  sys_stackheap_outer.o(.text)
    .text                                    0x1a00028e   Section        0  exit.o(.text)
    .text                                    0x1a00029c   Section        8  libspace.o(.text)
    i.Board_Buttons_Init                     0x1a0002a4   Section        0  board.o(i.Board_Buttons_Init)
    i.Board_Debug_Init                       0x1a0002c4   Section        0  board.o(i.Board_Debug_Init)
    i.Board_Init                             0x1a0002ec   Section        0  board.o(i.Board_Init)
    i.Board_Joystick_Init                    0x1a00034c   Section        0  board.o(i.Board_Joystick_Init)
    i.Board_LED_Set                          0x1a0003bc   Section        0  board.o(i.Board_LED_Set)
    i.Board_SetupClocking                    0x1a0003e0   Section        0  board_sysinit.o(i.Board_SetupClocking)
    i.Board_SetupExtMemory                   0x1a000468   Section        0  board_sysinit.o(i.Board_SetupExtMemory)
    i.Board_SetupMuxing                      0x1a0004c4   Section        0  board_sysinit.o(i.Board_SetupMuxing)
    i.Board_SystemInit                       0x1a000500   Section        0  board_sysinit.o(i.Board_SystemInit)
    i.Board_UART_Init                        0x1a000514   Section        0  board.o(i.Board_UART_Init)
    i.Buttons_GetStatus                      0x1a000554   Section        0  board.o(i.Buttons_GetStatus)
    i.Chip_Clock_DisableMainPLL              0x1a000570   Section        0  clock_18xx_43xx.o(i.Chip_Clock_DisableMainPLL)
    i.Chip_Clock_Enable                      0x1a000580   Section        0  clock_18xx_43xx.o(i.Chip_Clock_Enable)
    i.Chip_Clock_EnableBaseClock             0x1a0005b4   Section        0  clock_18xx_43xx.o(i.Chip_Clock_EnableBaseClock)
    i.Chip_Clock_EnableCrystal               0x1a0005cc   Section        0  clock_18xx_43xx.o(i.Chip_Clock_EnableCrystal)
    i.Chip_Clock_EnableOpts                  0x1a000610   Section        0  clock_18xx_43xx.o(i.Chip_Clock_EnableOpts)
    i.Chip_Clock_EnablePLL                   0x1a000648   Section        0  clock_18xx_43xx.o(i.Chip_Clock_EnablePLL)
    i.Chip_Clock_GetBaseClock                0x1a00065c   Section        0  clock_18xx_43xx.o(i.Chip_Clock_GetBaseClock)
    i.Chip_Clock_GetBaseClocktHz             0x1a00067c   Section        0  clock_18xx_43xx.o(i.Chip_Clock_GetBaseClocktHz)
    i.Chip_Clock_GetClockInputHz             0x1a00068c   Section        0  clock_18xx_43xx.o(i.Chip_Clock_GetClockInputHz)
    i.Chip_Clock_GetDivRate                  0x1a00072c   Section        0  clock_18xx_43xx.o(i.Chip_Clock_GetDivRate)
    Chip_Clock_GetDivRate                    0x1a00072d   Thumb Code    34  clock_18xx_43xx.o(i.Chip_Clock_GetDivRate)
    i.Chip_Clock_GetDividerDivisor           0x1a000750   Section        0  clock_18xx_43xx.o(i.Chip_Clock_GetDividerDivisor)
    i.Chip_Clock_GetDividerSource            0x1a00076c   Section        0  clock_18xx_43xx.o(i.Chip_Clock_GetDividerSource)
    i.Chip_Clock_GetEMCRate                  0x1a000788   Section        0  clock_18xx_43xx.o(i.Chip_Clock_GetEMCRate)
    i.Chip_Clock_GetMainPLLHz                0x1a0007b0   Section        0  clock_18xx_43xx.o(i.Chip_Clock_GetMainPLLHz)
    i.Chip_Clock_GetPLLStatus                0x1a00080c   Section        0  clock_18xx_43xx.o(i.Chip_Clock_GetPLLStatus)
    i.Chip_Clock_GetRate                     0x1a00081c   Section        0  clock_18xx_43xx.o(i.Chip_Clock_GetRate)
    i.Chip_Clock_SetBaseClock                0x1a000898   Section        0  clock_18xx_43xx.o(i.Chip_Clock_SetBaseClock)
    i.Chip_Clock_SetDivider                  0x1a0008d0   Section        0  clock_18xx_43xx.o(i.Chip_Clock_SetDivider)
    i.Chip_Clock_SetupMainPLLHz              0x1a000914   Section        0  clock_18xx_43xx.o(i.Chip_Clock_SetupMainPLLHz)
    i.Chip_Clock_SetupMainPLLMult            0x1a000998   Section        0  clock_18xx_43xx.o(i.Chip_Clock_SetupMainPLLMult)
    i.Chip_Clock_SetupPLL                    0x1a000a20   Section        0  clock_18xx_43xx.o(i.Chip_Clock_SetupPLL)
    i.Chip_Clock_TestMainPLLMultiplier       0x1a000a54   Section        0  clock_18xx_43xx.o(i.Chip_Clock_TestMainPLLMultiplier)
    Chip_Clock_TestMainPLLMultiplier         0x1a000a55   Thumb Code    20  clock_18xx_43xx.o(i.Chip_Clock_TestMainPLLMultiplier)
    i.Chip_EMC_Dynamic_Init                  0x1a000a6c   Section        0  emc_18xx_43xx.o(i.Chip_EMC_Dynamic_Init)
    i.Chip_EMC_Init                          0x1a000a88   Section        0  emc_18xx_43xx.o(i.Chip_EMC_Init)
    i.Chip_EMC_Static_Init                   0x1a000aa4   Section        0  emc_18xx_43xx.o(i.Chip_EMC_Static_Init)
    i.Chip_GPIO_GetPinState                  0x1a000ac0   Section        0  board.o(i.Chip_GPIO_GetPinState)
    Chip_GPIO_GetPinState                    0x1a000ac1   Thumb Code    14  board.o(i.Chip_GPIO_GetPinState)
    i.Chip_GPIO_Init                         0x1a000ace   Section        0  gpio_18xx_43xx.o(i.Chip_GPIO_Init)
    i.Chip_GPIO_SetPinDIRInput               0x1a000ad0   Section        0  board.o(i.Chip_GPIO_SetPinDIRInput)
    Chip_GPIO_SetPinDIRInput                 0x1a000ad1   Thumb Code    20  board.o(i.Chip_GPIO_SetPinDIRInput)
    i.Chip_GPIO_SetPinDIROutput              0x1a000ae4   Section        0  board.o(i.Chip_GPIO_SetPinDIROutput)
    Chip_GPIO_SetPinDIROutput                0x1a000ae5   Thumb Code    20  board.o(i.Chip_GPIO_SetPinDIROutput)
    i.Chip_SCU_PinMuxSet                     0x1a000af8   Section        0  board.o(i.Chip_SCU_PinMuxSet)
    Chip_SCU_PinMuxSet                       0x1a000af9   Thumb Code    12  board.o(i.Chip_SCU_PinMuxSet)
    i.Chip_SCU_SetPinMuxing                  0x1a000b08   Section        0  board_sysinit.o(i.Chip_SCU_SetPinMuxing)
    Chip_SCU_SetPinMuxing                    0x1a000b09   Thumb Code    36  board_sysinit.o(i.Chip_SCU_SetPinMuxing)
    i.Chip_SetupCoreClock                    0x1a000b30   Section        0  sysinit_18xx_43xx.o(i.Chip_SetupCoreClock)
    i.Chip_UART_GetClockIndex                0x1a000bac   Section        0  uart_18xx_43xx.o(i.Chip_UART_GetClockIndex)
    Chip_UART_GetClockIndex                  0x1a000bad   Thumb Code    34  uart_18xx_43xx.o(i.Chip_UART_GetClockIndex)
    i.Chip_UART_Init                         0x1a000bdc   Section        0  uart_18xx_43xx.o(i.Chip_UART_Init)
    i.Chip_UART_SetBaud                      0x1a000c1c   Section        0  uart_18xx_43xx.o(i.Chip_UART_SetBaud)
    i.Chip_USB0_Init                         0x1a000c58   Section        0  chip_18xx_43xx.o(i.Chip_USB0_Init)
    i.Chip_USB_PllSetup                      0x1a000c8c   Section        0  chip_18xx_43xx.o(i.Chip_USB_PllSetup)
    Chip_USB_PllSetup                        0x1a000c8d   Thumb Code    42  chip_18xx_43xx.o(i.Chip_USB_PllSetup)
    i.EP0_patch                              0x1a000cc0   Section        0  hid_main.o(i.EP0_patch)
    i.Joystick_GetStatus                     0x1a000cec   Section        0  board.o(i.Joystick_GetStatus)
    i.Keyboard_EpIN_Hdlr                     0x1a000d4c   Section        0  hid_keyboard.o(i.Keyboard_EpIN_Hdlr)
    Keyboard_EpIN_Hdlr                       0x1a000d4d   Thumb Code    14  hid_keyboard.o(i.Keyboard_EpIN_Hdlr)
    i.Keyboard_GetReport                     0x1a000d60   Section        0  hid_keyboard.o(i.Keyboard_GetReport)
    Keyboard_GetReport                       0x1a000d61   Thumb Code    50  hid_keyboard.o(i.Keyboard_GetReport)
    i.Keyboard_SetReport                     0x1a000d9c   Section        0  hid_keyboard.o(i.Keyboard_SetReport)
    Keyboard_SetReport                       0x1a000d9d   Thumb Code    48  hid_keyboard.o(i.Keyboard_SetReport)
    i.Keyboard_Tasks                         0x1a000dd0   Section        0  hid_keyboard.o(i.Keyboard_Tasks)
    i.Keyboard_UpdateReport                  0x1a000e10   Section        0  hid_keyboard.o(i.Keyboard_UpdateReport)
    Keyboard_UpdateReport                    0x1a000e11   Thumb Code    72  hid_keyboard.o(i.Keyboard_UpdateReport)
    i.Keyboard_init                          0x1a000e5c   Section        0  hid_keyboard.o(i.Keyboard_init)
    i.SystemCoreClockUpdate                  0x1a000ef4   Section        0  chip_18xx_43xx.o(i.SystemCoreClockUpdate)
    i.SystemInit                             0x1a000f08   Section        0  sysinit.o(i.SystemInit)
    i.USB0_IRQHandler                        0x1a000f1c   Section        0  hid_main.o(i.USB0_IRQHandler)
    i._sys_exit                              0x1a000f2c   Section        0  board.o(i._sys_exit)
    i.convertTimmingParam                    0x1a000f30   Section        0  emc_18xx_43xx.o(i.convertTimmingParam)
    convertTimmingParam                      0x1a000f31   Thumb Code    42  emc_18xx_43xx.o(i.convertTimmingParam)
    i.initDynMem                             0x1a000f60   Section        0  emc_18xx_43xx.o(i.initDynMem)
    i.initStaticMem                          0x1a0010f6   Section        0  emc_18xx_43xx.o(i.initStaticMem)
    i.main                                   0x1a001154   Section        0  hid_main.o(i.main)
    .constdata                               0x1a001204   Section       63  hid_desc.o(.constdata)
    .constdata                               0x1a001244   Section        2  hid_desc.o(.constdata)
    .constdata                               0x1a001248   Section       18  hid_desc.o(.constdata)
    .constdata                               0x1a00125c   Section       10  hid_desc.o(.constdata)
    .constdata                               0x1a001266   Section      130  hid_desc.o(.constdata)
    .constdata                               0x1a0012e8   Section       20  chip_18xx_43xx.o(.constdata)
    usbPLLSetup                              0x1a0012e8   Data          20  chip_18xx_43xx.o(.constdata)
    .constdata                               0x1a0012fc   Section       16  board.o(.constdata)
    ledports                                 0x1a0012fc   Data           8  board.o(.constdata)
    ledbits                                  0x1a001304   Data           8  board.o(.constdata)
    .constdata                               0x1a00130c   Section        4  board.o(.constdata)
    .constdata                               0x1a001310   Section        4  board.o(.constdata)
    .constdata                               0x1a001314   Section      700  board_sysinit.o(.constdata)
    InitClkStates                            0x1a001314   Data          16  board_sysinit.o(.constdata)
    spifipinmuxing                           0x1a001324   Data          24  board_sysinit.o(.constdata)
    pinmuxing                                0x1a00133c   Data         496  board_sysinit.o(.constdata)
    pinclockmuxing                           0x1a00152c   Data          16  board_sysinit.o(.constdata)
    MT48LC4M32_config                        0x1a00153c   Data         116  board_sysinit.o(.constdata)
    S29GL64N90_config                        0x1a0015b0   Data          32  board_sysinit.o(.constdata)
    .constdata                               0x1a0015d0   Section       98  clock_18xx_43xx.o(.constdata)
    periph_to_base                           0x1a0015d0   Data          90  clock_18xx_43xx.o(.constdata)
    .constdata                               0x1a001632   Section       60  sysinit_18xx_43xx.o(.constdata)
    InitClkStates                            0x1a001632   Data          60  sysinit_18xx_43xx.o(.constdata)

    Global Symbols

    Symbol Name                              Value     Ov Type        Size  Object(Section)

    BuildAttributes$$THM_ISAv4$P$D$K$B$S$PE$A:L22UL41UL21$X:L11$S22US41US21$IEEE1$IW$USESV6$~STKCKD$USESV7$~SHL$OSPACE$ROPI$EBA8$UX$STANDARDLIB$REQ8$PRES8$EABIv2 0x00000000   Number         0  anon$$obj.o ABSOLUTE
    __ARM_use_no_argv                        0x00000000   Number         0  hid_main.o ABSOLUTE
    __ARM_exceptions_init                     - Undefined Weak Reference
    __alloca_initialize                       - Undefined Weak Reference
    __cpp_initialize__aeabi_                  - Undefined Weak Reference
    __cxa_finalize                            - Undefined Weak Reference
    __rt_locale                               - Undefined Weak Reference
    __sigvec_lookup                           - Undefined Weak Reference
    _atexit_init                              - Undefined Weak Reference
    _call_atexit_fns                          - Undefined Weak Reference
    _clock_init                               - Undefined Weak Reference
    _fp_trap_init                             - Undefined Weak Reference
    _fp_trap_shutdown                         - Undefined Weak Reference
    _get_lc_collate                           - Undefined Weak Reference
    _get_lc_ctype                             - Undefined Weak Reference
    _get_lc_monetary                          - Undefined Weak Reference
    _get_lc_numeric                           - Undefined Weak Reference
    _get_lc_time                              - Undefined Weak Reference
    _getenv_init                              - Undefined Weak Reference
    _handle_redirection                       - Undefined Weak Reference
    _init_alloc                               - Undefined Weak Reference
    _init_user_alloc                          - Undefined Weak Reference
    _initio                                   - Undefined Weak Reference
    _rand_init                                - Undefined Weak Reference
    _signal_finish                            - Undefined Weak Reference
    _signal_init                              - Undefined Weak Reference
    _terminate_alloc                          - Undefined Weak Reference
    _terminate_user_alloc                     - Undefined Weak Reference
    _terminateio                              - Undefined Weak Reference
    USB_HsConfigDescriptor                   0x10000000   Data          35  hid_desc.o(.data)
    USB_FsConfigDescriptor                   0x10000024   Data          35  hid_desc.o(.data)
    g_pUsbApi                                0x10000054   Data           4  hid_main.o(.data)
    SystemCoreClock                          0x10000058   Data           4  chip_18xx_43xx.o(.data)
    __libspace_start                         0x10000074   Data          96  libspace.o(.bss)
    __temporary_stack_top$libspace           0x100000d4   Data           0  libspace.o(.bss)
    __Vectors                                0x1a000000   Data           4  keil_startup_lpc18xx43xx.o(RESET)
    __main                                   0x1a000115   Thumb Code     8  __main.o(!!!main)
    __scatterload                            0x1a00011d   Thumb Code     0  __scatter.o(!!!scatter)
    __scatterload_rt2                        0x1a00011d   Thumb Code    44  __scatter.o(!!!scatter)
    __scatterload_rt2_thumb_only             0x1a00011d   Thumb Code     0  __scatter.o(!!!scatter)
    __scatterload_null                       0x1a00012b   Thumb Code     0  __scatter.o(!!!scatter)
    __scatterload_copy                       0x1a000151   Thumb Code    26  __scatter_copy.o(!!handler_copy)
    __scatterload_zeroinit                   0x1a00016d   Thumb Code    28  __scatter_zi.o(!!handler_zi)
    __rt_lib_init                            0x1a000189   Thumb Code     0  libinit.o(.ARM.Collect$$libinit$$00000000)
    __rt_lib_init_alloca_1                   0x1a00018b   Thumb Code     0  libinit2.o(.ARM.Collect$$libinit$$0000002C)
    __rt_lib_init_argv_1                     0x1a00018b   Thumb Code     0  libinit2.o(.ARM.Collect$$libinit$$0000002A)
    __rt_lib_init_atexit_1                   0x1a00018b   Thumb Code     0  libinit2.o(.ARM.Collect$$libinit$$00000019)
    __rt_lib_init_clock_1                    0x1a00018b   Thumb Code     0  libinit2.o(.ARM.Collect$$libinit$$0000001F)
    __rt_lib_init_cpp_1                      0x1a00018b   Thumb Code     0  libinit2.o(.ARM.Collect$$libinit$$00000030)
    __rt_lib_init_exceptions_1               0x1a00018b   Thumb Code     0  libinit2.o(.ARM.Collect$$libinit$$0000002E)
    __rt_lib_init_fp_1                       0x1a00018b   Thumb Code     0  libinit2.o(.ARM.Collect$$libinit$$00000002)
    __rt_lib_init_fp_trap_1                  0x1a00018b   Thumb Code     0  libinit2.o(.ARM.Collect$$libinit$$0000001D)
    __rt_lib_init_getenv_1                   0x1a00018b   Thumb Code     0  libinit2.o(.ARM.Collect$$libinit$$00000021)
    __rt_lib_init_heap_1                     0x1a00018b   Thumb Code     0  libinit2.o(.ARM.Collect$$libinit$$00000008)
    __rt_lib_init_lc_collate_1               0x1a00018b   Thumb Code     0  libinit2.o(.ARM.Collect$$libinit$$0000000F)
    __rt_lib_init_lc_ctype_1                 0x1a00018b   Thumb Code     0  libinit2.o(.ARM.Collect$$libinit$$00000011)
    __rt_lib_init_lc_monetary_1              0x1a00018b   Thumb Code     0  libinit2.o(.ARM.Collect$$libinit$$00000013)
    __rt_lib_init_lc_numeric_1               0x1a00018b   Thumb Code     0  libinit2.o(.ARM.Collect$$libinit$$00000015)
    __rt_lib_init_lc_time_1                  0x1a00018b   Thumb Code     0  libinit2.o(.ARM.Collect$$libinit$$00000017)
    __rt_lib_init_rand_1                     0x1a00018b   Thumb Code     0  libinit2.o(.ARM.Collect$$libinit$$0000000C)
    __rt_lib_init_return                     0x1a00018b   Thumb Code     0  libinit2.o(.ARM.Collect$$libinit$$00000031)
    __rt_lib_init_signal_1                   0x1a00018b   Thumb Code     0  libinit2.o(.ARM.Collect$$libinit$$0000001B)
    __rt_lib_init_stdio_1                    0x1a00018b   Thumb Code     0  libinit2.o(.ARM.Collect$$libinit$$00000023)
    __rt_lib_init_user_alloc_1               0x1a00018b   Thumb Code     0  libinit2.o(.ARM.Collect$$libinit$$0000000A)
    __rt_lib_shutdown                        0x1a00018d   Thumb Code     0  libshutdown.o(.ARM.Collect$$libshutdown$$00000000)
    __rt_lib_shutdown_fp_trap_1              0x1a00018f   Thumb Code     0  libshutdown2.o(.ARM.Collect$$libshutdown$$00000006)
    __rt_lib_shutdown_heap_1                 0x1a00018f   Thumb Code     0  libshutdown2.o(.ARM.Collect$$libshutdown$$0000000E)
    __rt_lib_shutdown_return                 0x1a00018f   Thumb Code     0  libshutdown2.o(.ARM.Collect$$libshutdown$$0000000F)
    __rt_lib_shutdown_signal_1               0x1a00018f   Thumb Code     0  libshutdown2.o(.ARM.Collect$$libshutdown$$00000009)
    __rt_lib_shutdown_stdio_1                0x1a00018f   Thumb Code     0  libshutdown2.o(.ARM.Collect$$libshutdown$$00000003)
    __rt_lib_shutdown_user_alloc_1           0x1a00018f   Thumb Code     0  libshutdown2.o(.ARM.Collect$$libshutdown$$0000000B)
    __rt_entry                               0x1a000191   Thumb Code     0  rtentry.o(.ARM.Collect$$rtentry$$00000000)
    __rt_entry_presh_1                       0x1a000191   Thumb Code     0  rtentry2.o(.ARM.Collect$$rtentry$$00000002)
    __rt_entry_sh                            0x1a000191   Thumb Code     0  rtentry4.o(.ARM.Collect$$rtentry$$00000004)
    __rt_entry_li                            0x1a000197   Thumb Code     0  rtentry2.o(.ARM.Collect$$rtentry$$0000000A)
    __rt_entry_postsh_1                      0x1a000197   Thumb Code     0  rtentry2.o(.ARM.Collect$$rtentry$$00000009)
    __rt_entry_main                          0x1a00019b   Thumb Code     0  rtentry2.o(.ARM.Collect$$rtentry$$0000000D)
    __rt_entry_postli_1                      0x1a00019b   Thumb Code     0  rtentry2.o(.ARM.Collect$$rtentry$$0000000C)
    __rt_exit                                0x1a0001a3   Thumb Code     0  rtexit.o(.ARM.Collect$$rtexit$$00000000)
    __rt_exit_ls                             0x1a0001a5   Thumb Code     0  rtexit2.o(.ARM.Collect$$rtexit$$00000003)
    __rt_exit_prels_1                        0x1a0001a5   Thumb Code     0  rtexit2.o(.ARM.Collect$$rtexit$$00000002)
    __rt_exit_exit                           0x1a0001a9   Thumb Code     0  rtexit2.o(.ARM.Collect$$rtexit$$00000004)
    Reset_Handler                            0x1a0001b1   Thumb Code     8  keil_startup_lpc18xx43xx.o(.text)
    NMI_Handler                              0x1a0001b9   Thumb Code     2  keil_startup_lpc18xx43xx.o(.text)
    HardFault_Handler                        0x1a0001bb   Thumb Code     2  keil_startup_lpc18xx43xx.o(.text)
    MemManage_Handler                        0x1a0001bd   Thumb Code     2  keil_startup_lpc18xx43xx.o(.text)
    BusFault_Handler                         0x1a0001bf   Thumb Code     2  keil_startup_lpc18xx43xx.o(.text)
    UsageFault_Handler                       0x1a0001c1   Thumb Code     2  keil_startup_lpc18xx43xx.o(.text)
    SVC_Handler                              0x1a0001c3   Thumb Code     2  keil_startup_lpc18xx43xx.o(.text)
    DebugMon_Handler                         0x1a0001c5   Thumb Code     2  keil_startup_lpc18xx43xx.o(.text)
    PendSV_Handler                           0x1a0001c7   Thumb Code     2  keil_startup_lpc18xx43xx.o(.text)
    SysTick_Handler                          0x1a0001c9   Thumb Code     2  keil_startup_lpc18xx43xx.o(.text)
    UnHandled_Vector                         0x1a0001cb   Thumb Code     2  keil_startup_lpc18xx43xx.o(.text)
    ADC0_IRQHandler                          0x1a0001cd   Thumb Code     0  keil_startup_lpc18xx43xx.o(.text)
    ADC1_IRQHandler                          0x1a0001cd   Thumb Code     0  keil_startup_lpc18xx43xx.o(.text)
    ADCHS_IRQHandler                         0x1a0001cd   Thumb Code     0  keil_startup_lpc18xx43xx.o(.text)
    ATIMER_IRQHandler                        0x1a0001cd   Thumb Code     0  keil_startup_lpc18xx43xx.o(.text)
    CAN0_IRQHandler                          0x1a0001cd   Thumb Code     0  keil_startup_lpc18xx43xx.o(.text)
    CAN1_IRQHandler                          0x1a0001cd   Thumb Code     0  keil_startup_lpc18xx43xx.o(.text)
    DAC_IRQHandler                           0x1a0001cd   Thumb Code     0  keil_startup_lpc18xx43xx.o(.text)
    DMA_IRQHandler                           0x1a0001cd   Thumb Code     0  keil_startup_lpc18xx43xx.o(.text)
    ETH_IRQHandler                           0x1a0001cd   Thumb Code     0  keil_startup_lpc18xx43xx.o(.text)
    EVRT_IRQHandler                          0x1a0001cd   Thumb Code     0  keil_startup_lpc18xx43xx.o(.text)
    FLASH_EEPROM_IRQHandler                  0x1a0001cd   Thumb Code     0  keil_startup_lpc18xx43xx.o(.text)
    GINT0_IRQHandler                         0x1a0001cd   Thumb Code     0  keil_startup_lpc18xx43xx.o(.text)
    GINT1_IRQHandler                         0x1a0001cd   Thumb Code     0  keil_startup_lpc18xx43xx.o(.text)
    GPIO0_IRQHandler                         0x1a0001cd   Thumb Code     0  keil_startup_lpc18xx43xx.o(.text)
    GPIO1_IRQHandler                         0x1a0001cd   Thumb Code     0  keil_startup_lpc18xx43xx.o(.text)
    GPIO2_IRQHandler                         0x1a0001cd   Thumb Code     0  keil_startup_lpc18xx43xx.o(.text)
    GPIO3_IRQHandler                         0x1a0001cd   Thumb Code     0  keil_startup_lpc18xx43xx.o(.text)
    GPIO4_IRQHandler                         0x1a0001cd   Thumb Code     0  keil_startup_lpc18xx43xx.o(.text)
    GPIO5_IRQHandler                         0x1a0001cd   Thumb Code     0  keil_startup_lpc18xx43xx.o(.text)
    GPIO6_IRQHandler                         0x1a0001cd   Thumb Code     0  keil_startup_lpc18xx43xx.o(.text)
    GPIO7_IRQHandler                         0x1a0001cd   Thumb Code     0  keil_startup_lpc18xx43xx.o(.text)
    I2C0_IRQHandler                          0x1a0001cd   Thumb Code     0  keil_startup_lpc18xx43xx.o(.text)
    I2C1_IRQHandler                          0x1a0001cd   Thumb Code     0  keil_startup_lpc18xx43xx.o(.text)
    I2S0_IRQHandler                          0x1a0001cd   Thumb Code     0  keil_startup_lpc18xx43xx.o(.text)
    I2S1_IRQHandler                          0x1a0001cd   Thumb Code     0  keil_startup_lpc18xx43xx.o(.text)
    LCD_IRQHandler                           0x1a0001cd   Thumb Code     0  keil_startup_lpc18xx43xx.o(.text)
    M0APP_IRQHandler                         0x1a0001cd   Thumb Code     0  keil_startup_lpc18xx43xx.o(.text)
    M0SUB_IRQHandler                         0x1a0001cd   Thumb Code     0  keil_startup_lpc18xx43xx.o(.text)
    MCPWM_IRQHandler                         0x1a0001cd   Thumb Code     0  keil_startup_lpc18xx43xx.o(.text)
    QEI_IRQHandler                           0x1a0001cd   Thumb Code     0  keil_startup_lpc18xx43xx.o(.text)
    RIT_IRQHandler                           0x1a0001cd   Thumb Code     0  keil_startup_lpc18xx43xx.o(.text)
    RTC_IRQHandler                           0x1a0001cd   Thumb Code     0  keil_startup_lpc18xx43xx.o(.text)
    SCT_IRQHandler                           0x1a0001cd   Thumb Code     0  keil_startup_lpc18xx43xx.o(.text)
    SDIO_IRQHandler                          0x1a0001cd   Thumb Code     0  keil_startup_lpc18xx43xx.o(.text)
    SGPIO_IRQHandler                         0x1a0001cd   Thumb Code     0  keil_startup_lpc18xx43xx.o(.text)
    SPIFI_IRQHandler                         0x1a0001cd   Thumb Code     0  keil_startup_lpc18xx43xx.o(.text)
    SPI_IRQHandler                           0x1a0001cd   Thumb Code     0  keil_startup_lpc18xx43xx.o(.text)
    SSP0_IRQHandler                          0x1a0001cd   Thumb Code     0  keil_startup_lpc18xx43xx.o(.text)
    SSP1_IRQHandler                          0x1a0001cd   Thumb Code     0  keil_startup_lpc18xx43xx.o(.text)
    TIMER0_IRQHandler                        0x1a0001cd   Thumb Code     0  keil_startup_lpc18xx43xx.o(.text)
    TIMER1_IRQHandler                        0x1a0001cd   Thumb Code     0  keil_startup_lpc18xx43xx.o(.text)
    TIMER2_IRQHandler                        0x1a0001cd   Thumb Code     0  keil_startup_lpc18xx43xx.o(.text)
    TIMER3_IRQHandler                        0x1a0001cd   Thumb Code     0  keil_startup_lpc18xx43xx.o(.text)
    UART0_IRQHandler                         0x1a0001cd   Thumb Code     0  keil_startup_lpc18xx43xx.o(.text)
    UART1_IRQHandler                         0x1a0001cd   Thumb Code     0  keil_startup_lpc18xx43xx.o(.text)
    UART2_IRQHandler                         0x1a0001cd   Thumb Code     0  keil_startup_lpc18xx43xx.o(.text)
    UART3_IRQHandler                         0x1a0001cd   Thumb Code     0  keil_startup_lpc18xx43xx.o(.text)
    USB1_IRQHandler                          0x1a0001cd   Thumb Code     0  keil_startup_lpc18xx43xx.o(.text)
    WDT_IRQHandler                           0x1a0001cd   Thumb Code     0  keil_startup_lpc18xx43xx.o(.text)
    __user_initial_stackheap                 0x1a0001d1   Thumb Code     0  keil_startup_lpc18xx43xx.o(.text)
    __aeabi_memclr4                          0x1a0001f1   Thumb Code     0  rt_memclr_w.o(.text)
    __aeabi_memclr8                          0x1a0001f1   Thumb Code     0  rt_memclr_w.o(.text)
    __rt_memclr_w                            0x1a0001f1   Thumb Code    78  rt_memclr_w.o(.text)
    _memset_w                                0x1a0001f5   Thumb Code     0  rt_memclr_w.o(.text)
    __use_two_region_memory                  0x1a00023f   Thumb Code     2  heapauxi.o(.text)
    __rt_heap_escrow$2region                 0x1a000241   Thumb Code     2  heapauxi.o(.text)
    __rt_heap_expand$2region                 0x1a000243   Thumb Code     2  heapauxi.o(.text)
    __user_setup_stackheap                   0x1a000245   Thumb Code    74  sys_stackheap_outer.o(.text)
    exit                                     0x1a00028f   Thumb Code    12  exit.o(.text)
    __user_libspace                          0x1a00029d   Thumb Code     8  libspace.o(.text)
    __user_perproc_libspace                  0x1a00029d   Thumb Code     0  libspace.o(.text)
    __user_perthread_libspace                0x1a00029d   Thumb Code     0  libspace.o(.text)
    Board_Buttons_Init                       0x1a0002a5   Thumb Code    26  board.o(i.Board_Buttons_Init)
    Board_Debug_Init                         0x1a0002c5   Thumb Code    36  board.o(i.Board_Debug_Init)
    Board_Init                               0x1a0002ed   Thumb Code    84  board.o(i.Board_Init)
    Board_Joystick_Init                      0x1a00034d   Thumb Code   108  board.o(i.Board_Joystick_Init)
    Board_LED_Set                            0x1a0003bd   Thumb Code    26  board.o(i.Board_LED_Set)
    Board_SetupClocking                      0x1a0003e1   Thumb Code   124  board_sysinit.o(i.Board_SetupClocking)
    Board_SetupExtMemory                     0x1a000469   Thumb Code    74  board_sysinit.o(i.Board_SetupExtMemory)
    Board_SetupMuxing                        0x1a0004c5   Thumb Code    48  board_sysinit.o(i.Board_SetupMuxing)
    Board_SystemInit                         0x1a000501   Thumb Code    18  board_sysinit.o(i.Board_SystemInit)
    Board_UART_Init                          0x1a000515   Thumb Code    56  board.o(i.Board_UART_Init)
    Buttons_GetStatus                        0x1a000555   Thumb Code    22  board.o(i.Buttons_GetStatus)
    Chip_Clock_DisableMainPLL                0x1a000571   Thumb Code    12  clock_18xx_43xx.o(i.Chip_Clock_DisableMainPLL)
    Chip_Clock_Enable                        0x1a000581   Thumb Code    42  clock_18xx_43xx.o(i.Chip_Clock_Enable)
    Chip_Clock_EnableBaseClock               0x1a0005b5   Thumb Code    20  clock_18xx_43xx.o(i.Chip_Clock_EnableBaseClock)
    Chip_Clock_EnableCrystal                 0x1a0005cd   Thumb Code    56  clock_18xx_43xx.o(i.Chip_Clock_EnableCrystal)
    Chip_Clock_EnableOpts                    0x1a000611   Thumb Code    48  clock_18xx_43xx.o(i.Chip_Clock_EnableOpts)
    Chip_Clock_EnablePLL                     0x1a000649   Thumb Code    16  clock_18xx_43xx.o(i.Chip_Clock_EnablePLL)
    Chip_Clock_GetBaseClock                  0x1a00065d   Thumb Code    26  clock_18xx_43xx.o(i.Chip_Clock_GetBaseClock)
    Chip_Clock_GetBaseClocktHz               0x1a00067d   Thumb Code    14  clock_18xx_43xx.o(i.Chip_Clock_GetBaseClocktHz)
    Chip_Clock_GetClockInputHz               0x1a00068d   Thumb Code   132  clock_18xx_43xx.o(i.Chip_Clock_GetClockInputHz)
    Chip_Clock_GetDividerDivisor             0x1a000751   Thumb Code    18  clock_18xx_43xx.o(i.Chip_Clock_GetDividerDivisor)
    Chip_Clock_GetDividerSource              0x1a00076d   Thumb Code    22  clock_18xx_43xx.o(i.Chip_Clock_GetDividerSource)
    Chip_Clock_GetEMCRate                    0x1a000789   Thumb Code    32  clock_18xx_43xx.o(i.Chip_Clock_GetEMCRate)
    Chip_Clock_GetMainPLLHz                  0x1a0007b1   Thumb Code    84  clock_18xx_43xx.o(i.Chip_Clock_GetMainPLLHz)
    Chip_Clock_GetPLLStatus                  0x1a00080d   Thumb Code    10  clock_18xx_43xx.o(i.Chip_Clock_GetPLLStatus)
    Chip_Clock_GetRate                       0x1a00081d   Thumb Code   112  clock_18xx_43xx.o(i.Chip_Clock_GetRate)
    Chip_Clock_SetBaseClock                  0x1a000899   Thumb Code    48  clock_18xx_43xx.o(i.Chip_Clock_SetBaseClock)
    Chip_Clock_SetDivider                    0x1a0008d1   Thumb Code    50  clock_18xx_43xx.o(i.Chip_Clock_SetDivider)
    Chip_Clock_SetupMainPLLHz                0x1a000915   Thumb Code   130  clock_18xx_43xx.o(i.Chip_Clock_SetupMainPLLHz)
    Chip_Clock_SetupMainPLLMult              0x1a000999   Thumb Code   120  clock_18xx_43xx.o(i.Chip_Clock_SetupMainPLLMult)
    Chip_Clock_SetupPLL                      0x1a000a21   Thumb Code    42  clock_18xx_43xx.o(i.Chip_Clock_SetupPLL)
    Chip_EMC_Dynamic_Init                    0x1a000a6d   Thumb Code    22  emc_18xx_43xx.o(i.Chip_EMC_Dynamic_Init)
    Chip_EMC_Init                            0x1a000a89   Thumb Code    24  emc_18xx_43xx.o(i.Chip_EMC_Init)
    Chip_EMC_Static_Init                     0x1a000aa5   Thumb Code    22  emc_18xx_43xx.o(i.Chip_EMC_Static_Init)
    Chip_GPIO_Init                           0x1a000acf   Thumb Code     2  gpio_18xx_43xx.o(i.Chip_GPIO_Init)
    Chip_SetupCoreClock                      0x1a000b31   Thumb Code   106  sysinit_18xx_43xx.o(i.Chip_SetupCoreClock)
    Chip_UART_Init                           0x1a000bdd   Thumb Code    58  uart_18xx_43xx.o(i.Chip_UART_Init)
    Chip_UART_SetBaud                        0x1a000c1d   Thumb Code    58  uart_18xx_43xx.o(i.Chip_UART_SetBaud)
    Chip_USB0_Init                           0x1a000c59   Thumb Code    48  chip_18xx_43xx.o(i.Chip_USB0_Init)
    EP0_patch                                0x1a000cc1   Thumb Code    40  hid_main.o(i.EP0_patch)
    Joystick_GetStatus                       0x1a000ced   Thumb Code    90  board.o(i.Joystick_GetStatus)
    Keyboard_Tasks                           0x1a000dd1   Thumb Code    56  hid_keyboard.o(i.Keyboard_Tasks)
    Keyboard_init                            0x1a000e5d   Thumb Code   124  hid_keyboard.o(i.Keyboard_init)
    SystemCoreClockUpdate                    0x1a000ef5   Thumb Code    14  chip_18xx_43xx.o(i.SystemCoreClockUpdate)
    SystemInit                               0x1a000f09   Thumb Code    10  sysinit.o(i.SystemInit)
    USB0_IRQHandler                          0x1a000f1d   Thumb Code    12  hid_main.o(i.USB0_IRQHandler)
    _sys_exit                                0x1a000f2d   Thumb Code     4  board.o(i._sys_exit)
    initDynMem                               0x1a000f61   Thumb Code   406  emc_18xx_43xx.o(i.initDynMem)
    initStaticMem                            0x1a0010f7   Thumb Code    94  emc_18xx_43xx.o(i.initStaticMem)
    main                                     0x1a001155   Thumb Code   140  hid_main.o(i.main)
    Keyboard_ReportDescriptor                0x1a001204   Data          63  hid_desc.o(.constdata)
    Keyboard_ReportDescSize                  0x1a001244   Data           2  hid_desc.o(.constdata)
    USB_DeviceDescriptor                     0x1a001248   Data          18  hid_desc.o(.constdata)
    USB_DeviceQualifier                      0x1a00125c   Data          10  hid_desc.o(.constdata)
    USB_StringDescriptor                     0x1a001266   Data         130  hid_desc.o(.constdata)
    ExtRateIn                                0x1a00130c   Data           4  board.o(.constdata)
    OscRateIn                                0x1a001310   Data           4  board.o(.constdata)
    Region$$Table$$Base                      0x1a001670   Number         0  anon$$obj.o(Region$$Table)
    Region$$Table$$Limit                     0x1a001690   Number         0  anon$$obj.o(Region$$Table)



==============================================================================

Memory Map of the image

  Image Entry point : 0x1a000115

  Load Region LR_IROM1 (Base: 0x1a000000, Size: 0x000016f4, Max: 0x00080000, ABSOLUTE)

    Execution Region RW_IRAM1 (Base: 0x10000000, Size: 0x000003d8, Max: 0x00008000, ABSOLUTE)

    Base Addr    Size         Type   Attr      Idx    E Section Name        Object

    0x10000000   0x00000023   Data   RW          227    .data               hid_desc.o
    0x10000023   0x00000001   PAD
    0x10000024   0x00000023   Data   RW          228    .data               hid_desc.o
    0x10000047   0x00000001   PAD
    0x10000048   0x00000010   Data   RW          364    .data               hid_main.o
    0x10000058   0x00000004   Data   RW          417    .data               lib_lpc_chip_18xx.lib(chip_18xx_43xx.o)
    0x1000005c   0x00000008   Data   RW         1156    .data               lib_lpc_chip_18xx.lib(clock_18xx_43xx.o)
    0x10000064   0x00000010   Zero   RW          285    .bss                hid_keyboard.o
    0x10000074   0x00000060   Zero   RW         2169    .bss                c_w.l(libspace.o)
    0x100000d4   0x00000004   PAD
    0x100000d8   0x00000000   Zero   RW          216    HEAP                keil_startup_lpc18xx43xx.o
    0x100000d8   0x00000300   Zero   RW          215    STACK               keil_startup_lpc18xx43xx.o


    Execution Region ER_IROM1 (Base: 0x1a000000, Size: 0x00001690, Max: 0x00080000, ABSOLUTE)

    Base Addr    Size         Type   Attr      Idx    E Section Name        Object

    0x1a000000   0x00000114   Data   RO          217    RESET               keil_startup_lpc18xx43xx.o
    0x1a000114   0x00000008   Code   RO         2128  * !!!main             c_w.l(__main.o)
    0x1a00011c   0x00000034   Code   RO         2292    !!!scatter          c_w.l(__scatter.o)
    0x1a000150   0x0000001a   Code   RO         2294    !!handler_copy      c_w.l(__scatter_copy.o)
    0x1a00016a   0x00000002   PAD
    0x1a00016c   0x0000001c   Code   RO         2296    !!handler_zi        c_w.l(__scatter_zi.o)
    0x1a000188   0x00000002   Code   RO         2167    .ARM.Collect$$libinit$$00000000  c_w.l(libinit.o)
    0x1a00018a   0x00000000   Code   RO         2180    .ARM.Collect$$libinit$$00000002  c_w.l(libinit2.o)
    0x1a00018a   0x00000000   Code   RO         2183    .ARM.Collect$$libinit$$00000008  c_w.l(libinit2.o)
    0x1a00018a   0x00000000   Code   RO         2185    .ARM.Collect$$libinit$$0000000A  c_w.l(libinit2.o)
    0x1a00018a   0x00000000   Code   RO         2187    .ARM.Collect$$libinit$$0000000C  c_w.l(libinit2.o)
    0x1a00018a   0x00000000   Code   RO         2190    .ARM.Collect$$libinit$$0000000F  c_w.l(libinit2.o)
    0x1a00018a   0x00000000   Code   RO         2192    .ARM.Collect$$libinit$$00000011  c_w.l(libinit2.o)
    0x1a00018a   0x00000000   Code   RO         2194    .ARM.Collect$$libinit$$00000013  c_w.l(libinit2.o)
    0x1a00018a   0x00000000   Code   RO         2196    .ARM.Collect$$libinit$$00000015  c_w.l(libinit2.o)
    0x1a00018a   0x00000000   Code   RO         2198    .ARM.Collect$$libinit$$00000017  c_w.l(libinit2.o)
    0x1a00018a   0x00000000   Code   RO         2200    .ARM.Collect$$libinit$$00000019  c_w.l(libinit2.o)
    0x1a00018a   0x00000000   Code   RO         2202    .ARM.Collect$$libinit$$0000001B  c_w.l(libinit2.o)
    0x1a00018a   0x00000000   Code   RO         2204    .ARM.Collect$$libinit$$0000001D  c_w.l(libinit2.o)
    0x1a00018a   0x00000000   Code   RO         2206    .ARM.Collect$$libinit$$0000001F  c_w.l(libinit2.o)
    0x1a00018a   0x00000000   Code   RO         2208    .ARM.Collect$$libinit$$00000021  c_w.l(libinit2.o)
    0x1a00018a   0x00000000   Code   RO         2210    .ARM.Collect$$libinit$$00000023  c_w.l(libinit2.o)
    0x1a00018a   0x00000000   Code   RO         2214    .ARM.Collect$$libinit$$0000002A  c_w.l(libinit2.o)
    0x1a00018a   0x00000000   Code   RO         2216    .ARM.Collect$$libinit$$0000002C  c_w.l(libinit2.o)
    0x1a00018a   0x00000000   Code   RO         2218    .ARM.Collect$$libinit$$0000002E  c_w.l(libinit2.o)
    0x1a00018a   0x00000000   Code   RO         2220    .ARM.Collect$$libinit$$00000030  c_w.l(libinit2.o)
    0x1a00018a   0x00000002   Code   RO         2221    .ARM.Collect$$libinit$$00000031  c_w.l(libinit2.o)
    0x1a00018c   0x00000002   Code   RO         2247    .ARM.Collect$$libshutdown$$00000000  c_w.l(libshutdown.o)
    0x1a00018e   0x00000000   Code   RO         2277    .ARM.Collect$$libshutdown$$00000003  c_w.l(libshutdown2.o)
    0x1a00018e   0x00000000   Code   RO         2280    .ARM.Collect$$libshutdown$$00000006  c_w.l(libshutdown2.o)
    0x1a00018e   0x00000000   Code   RO         2283    .ARM.Collect$$libshutdown$$00000009  c_w.l(libshutdown2.o)
    0x1a00018e   0x00000000   Code   RO         2285    .ARM.Collect$$libshutdown$$0000000B  c_w.l(libshutdown2.o)
    0x1a00018e   0x00000000   Code   RO         2288    .ARM.Collect$$libshutdown$$0000000E  c_w.l(libshutdown2.o)
    0x1a00018e   0x00000002   Code   RO         2289    .ARM.Collect$$libshutdown$$0000000F  c_w.l(libshutdown2.o)
    0x1a000190   0x00000000   Code   RO         2130    .ARM.Collect$$rtentry$$00000000  c_w.l(rtentry.o)
    0x1a000190   0x00000000   Code   RO         2138    .ARM.Collect$$rtentry$$00000002  c_w.l(rtentry2.o)
    0x1a000190   0x00000006   Code   RO         2150    .ARM.Collect$$rtentry$$00000004  c_w.l(rtentry4.o)
    0x1a000196   0x00000000   Code   RO         2140    .ARM.Collect$$rtentry$$00000009  c_w.l(rtentry2.o)
    0x1a000196   0x00000004   Code   RO         2141    .ARM.Collect$$rtentry$$0000000A  c_w.l(rtentry2.o)
    0x1a00019a   0x00000000   Code   RO         2143    .ARM.Collect$$rtentry$$0000000C  c_w.l(rtentry2.o)
    0x1a00019a   0x00000008   Code   RO         2144    .ARM.Collect$$rtentry$$0000000D  c_w.l(rtentry2.o)
    0x1a0001a2   0x00000002   Code   RO         2171    .ARM.Collect$$rtexit$$00000000  c_w.l(rtexit.o)
    0x1a0001a4   0x00000000   Code   RO         2223    .ARM.Collect$$rtexit$$00000002  c_w.l(rtexit2.o)
    0x1a0001a4   0x00000004   Code   RO         2224    .ARM.Collect$$rtexit$$00000003  c_w.l(rtexit2.o)
    0x1a0001a8   0x00000006   Code   RO         2225    .ARM.Collect$$rtexit$$00000004  c_w.l(rtexit2.o)
    0x1a0001ae   0x00000002   PAD
    0x1a0001b0   0x00000040   Code   RO          218    .text               keil_startup_lpc18xx43xx.o
    0x1a0001f0   0x0000004e   Code   RO         2124    .text               c_w.l(rt_memclr_w.o)
    0x1a00023e   0x00000006   Code   RO         2126    .text               c_w.l(heapauxi.o)
    0x1a000244   0x0000004a   Code   RO         2154    .text               c_w.l(sys_stackheap_outer.o)
    0x1a00028e   0x0000000c   Code   RO         2156    .text               c_w.l(exit.o)
    0x1a00029a   0x00000002   PAD
    0x1a00029c   0x00000008   Code   RO         2168    .text               c_w.l(libspace.o)
    0x1a0002a4   0x00000020   Code   RO          617    i.Board_Buttons_Init  lib_lpc_board_keil_mcb_1857.lib(board.o)
    0x1a0002c4   0x00000028   Code   RO          619    i.Board_Debug_Init  lib_lpc_board_keil_mcb_1857.lib(board.o)
    0x1a0002ec   0x00000060   Code   RO          624    i.Board_Init        lib_lpc_board_keil_mcb_1857.lib(board.o)
    0x1a00034c   0x00000070   Code   RO          627    i.Board_Joystick_Init  lib_lpc_board_keil_mcb_1857.lib(board.o)
    0x1a0003bc   0x00000024   Code   RO          629    i.Board_LED_Set     lib_lpc_board_keil_mcb_1857.lib(board.o)
    0x1a0003e0   0x00000088   Code   RO         1051    i.Board_SetupClocking  lib_lpc_board_keil_mcb_1857.lib(board_sysinit.o)
    0x1a000468   0x0000005c   Code   RO         1052    i.Board_SetupExtMemory  lib_lpc_board_keil_mcb_1857.lib(board_sysinit.o)
    0x1a0004c4   0x0000003c   Code   RO         1053    i.Board_SetupMuxing  lib_lpc_board_keil_mcb_1857.lib(board_sysinit.o)
    0x1a000500   0x00000012   Code   RO         1054    i.Board_SystemInit  lib_lpc_board_keil_mcb_1857.lib(board_sysinit.o)
    0x1a000512   0x00000002   PAD
    0x1a000514   0x00000040   Code   RO          638    i.Board_UART_Init   lib_lpc_board_keil_mcb_1857.lib(board.o)
    0x1a000554   0x0000001c   Code   RO          639    i.Buttons_GetStatus  lib_lpc_board_keil_mcb_1857.lib(board.o)
    0x1a000570   0x00000010   Code   RO         1126    i.Chip_Clock_DisableMainPLL  lib_lpc_chip_18xx.lib(clock_18xx_43xx.o)
    0x1a000580   0x00000034   Code   RO         1128    i.Chip_Clock_Enable  lib_lpc_chip_18xx.lib(clock_18xx_43xx.o)
    0x1a0005b4   0x00000018   Code   RO         1129    i.Chip_Clock_EnableBaseClock  lib_lpc_chip_18xx.lib(clock_18xx_43xx.o)
    0x1a0005cc   0x00000044   Code   RO         1130    i.Chip_Clock_EnableCrystal  lib_lpc_chip_18xx.lib(clock_18xx_43xx.o)
    0x1a000610   0x00000038   Code   RO         1132    i.Chip_Clock_EnableOpts  lib_lpc_chip_18xx.lib(clock_18xx_43xx.o)
    0x1a000648   0x00000014   Code   RO         1133    i.Chip_Clock_EnablePLL  lib_lpc_chip_18xx.lib(clock_18xx_43xx.o)
    0x1a00065c   0x00000020   Code   RO         1134    i.Chip_Clock_GetBaseClock  lib_lpc_chip_18xx.lib(clock_18xx_43xx.o)
    0x1a00067c   0x0000000e   Code   RO         1136    i.Chip_Clock_GetBaseClocktHz  lib_lpc_chip_18xx.lib(clock_18xx_43xx.o)
    0x1a00068a   0x00000002   PAD
    0x1a00068c   0x000000a0   Code   RO         1137    i.Chip_Clock_GetClockInputHz  lib_lpc_chip_18xx.lib(clock_18xx_43xx.o)
    0x1a00072c   0x00000022   Code   RO         1138    i.Chip_Clock_GetDivRate  lib_lpc_chip_18xx.lib(clock_18xx_43xx.o)
    0x1a00074e   0x00000002   PAD
    0x1a000750   0x0000001c   Code   RO         1139    i.Chip_Clock_GetDividerDivisor  lib_lpc_chip_18xx.lib(clock_18xx_43xx.o)
    0x1a00076c   0x0000001c   Code   RO         1140    i.Chip_Clock_GetDividerSource  lib_lpc_chip_18xx.lib(clock_18xx_43xx.o)
    0x1a000788   0x00000028   Code   RO         1141    i.Chip_Clock_GetEMCRate  lib_lpc_chip_18xx.lib(clock_18xx_43xx.o)
    0x1a0007b0   0x0000005c   Code   RO         1142    i.Chip_Clock_GetMainPLLHz  lib_lpc_chip_18xx.lib(clock_18xx_43xx.o)
    0x1a00080c   0x00000010   Code   RO         1143    i.Chip_Clock_GetPLLStatus  lib_lpc_chip_18xx.lib(clock_18xx_43xx.o)
    0x1a00081c   0x0000007c   Code   RO         1144    i.Chip_Clock_GetRate  lib_lpc_chip_18xx.lib(clock_18xx_43xx.o)
    0x1a000898   0x00000038   Code   RO         1148    i.Chip_Clock_SetBaseClock  lib_lpc_chip_18xx.lib(clock_18xx_43xx.o)
    0x1a0008d0   0x00000044   Code   RO         1149    i.Chip_Clock_SetDivider  lib_lpc_chip_18xx.lib(clock_18xx_43xx.o)
    0x1a000914   0x00000082   Code   RO         1150    i.Chip_Clock_SetupMainPLLHz  lib_lpc_chip_18xx.lib(clock_18xx_43xx.o)
    0x1a000996   0x00000002   PAD
    0x1a000998   0x00000088   Code   RO         1151    i.Chip_Clock_SetupMainPLLMult  lib_lpc_chip_18xx.lib(clock_18xx_43xx.o)
    0x1a000a20   0x00000034   Code   RO         1152    i.Chip_Clock_SetupPLL  lib_lpc_chip_18xx.lib(clock_18xx_43xx.o)
    0x1a000a54   0x00000018   Code   RO         1154    i.Chip_Clock_TestMainPLLMultiplier  lib_lpc_chip_18xx.lib(clock_18xx_43xx.o)
    0x1a000a6c   0x0000001c   Code   RO         1339    i.Chip_EMC_Dynamic_Init  lib_lpc_chip_18xx.lib(emc_18xx_43xx.o)
    0x1a000a88   0x0000001c   Code   RO         1341    i.Chip_EMC_Init     lib_lpc_chip_18xx.lib(emc_18xx_43xx.o)
    0x1a000aa4   0x0000001c   Code   RO         1344    i.Chip_EMC_Static_Init  lib_lpc_chip_18xx.lib(emc_18xx_43xx.o)
    0x1a000ac0   0x0000000e   Code   RO          640    i.Chip_GPIO_GetPinState  lib_lpc_board_keil_mcb_1857.lib(board.o)
    0x1a000ace   0x00000002   Code   RO         1412    i.Chip_GPIO_Init    lib_lpc_chip_18xx.lib(gpio_18xx_43xx.o)
    0x1a000ad0   0x00000014   Code   RO          641    i.Chip_GPIO_SetPinDIRInput  lib_lpc_board_keil_mcb_1857.lib(board.o)
    0x1a000ae4   0x00000014   Code   RO          642    i.Chip_GPIO_SetPinDIROutput  lib_lpc_board_keil_mcb_1857.lib(board.o)
    0x1a000af8   0x00000010   Code   RO          643    i.Chip_SCU_PinMuxSet  lib_lpc_board_keil_mcb_1857.lib(board.o)
    0x1a000b08   0x00000028   Code   RO         1055    i.Chip_SCU_SetPinMuxing  lib_lpc_board_keil_mcb_1857.lib(board_sysinit.o)
    0x1a000b30   0x0000007c   Code   RO         1964    i.Chip_SetupCoreClock  lib_lpc_chip_18xx.lib(sysinit_18xx_43xx.o)
    0x1a000bac   0x00000030   Code   RO         1842    i.Chip_UART_GetClockIndex  lib_lpc_chip_18xx.lib(uart_18xx_43xx.o)
    0x1a000bdc   0x00000040   Code   RO         1844    i.Chip_UART_Init    lib_lpc_chip_18xx.lib(uart_18xx_43xx.o)
    0x1a000c1c   0x0000003a   Code   RO         1852    i.Chip_UART_SetBaud  lib_lpc_chip_18xx.lib(uart_18xx_43xx.o)
    0x1a000c56   0x00000002   PAD
    0x1a000c58   0x00000034   Code   RO          412    i.Chip_USB0_Init    lib_lpc_chip_18xx.lib(chip_18xx_43xx.o)
    0x1a000c8c   0x00000034   Code   RO          414    i.Chip_USB_PllSetup  lib_lpc_chip_18xx.lib(chip_18xx_43xx.o)
    0x1a000cc0   0x0000002c   Code   RO          360    i.EP0_patch         hid_main.o
    0x1a000cec   0x00000060   Code   RO          644    i.Joystick_GetStatus  lib_lpc_board_keil_mcb_1857.lib(board.o)
    0x1a000d4c   0x00000014   Code   RO          279    i.Keyboard_EpIN_Hdlr  hid_keyboard.o
    0x1a000d60   0x0000003c   Code   RO          280    i.Keyboard_GetReport  hid_keyboard.o
    0x1a000d9c   0x00000034   Code   RO          281    i.Keyboard_SetReport  hid_keyboard.o
    0x1a000dd0   0x00000040   Code   RO          282    i.Keyboard_Tasks    hid_keyboard.o
    0x1a000e10   0x0000004c   Code   RO          283    i.Keyboard_UpdateReport  hid_keyboard.o
    0x1a000e5c   0x00000098   Code   RO          284    i.Keyboard_init     hid_keyboard.o
    0x1a000ef4   0x00000014   Code   RO          415    i.SystemCoreClockUpdate  lib_lpc_chip_18xx.lib(chip_18xx_43xx.o)
    0x1a000f08   0x00000014   Code   RO            3    i.SystemInit        sysinit.o
    0x1a000f1c   0x00000010   Code   RO          361    i.USB0_IRQHandler   hid_main.o
    0x1a000f2c   0x00000004   Code   RO          645    i._sys_exit         lib_lpc_board_keil_mcb_1857.lib(board.o)
    0x1a000f30   0x00000030   Code   RO         1345    i.convertTimmingParam  lib_lpc_chip_18xx.lib(emc_18xx_43xx.o)
    0x1a000f60   0x00000196   Code   RO         1346    i.initDynMem        lib_lpc_chip_18xx.lib(emc_18xx_43xx.o)
    0x1a0010f6   0x0000005e   Code   RO         1347    i.initStaticMem     lib_lpc_chip_18xx.lib(emc_18xx_43xx.o)
    0x1a001154   0x000000b0   Code   RO          363    i.main              hid_main.o
    0x1a001204   0x0000003f   Data   RO          222    .constdata          hid_desc.o
    0x1a001243   0x00000001   PAD
    0x1a001244   0x00000002   Data   RO          223    .constdata          hid_desc.o
    0x1a001246   0x00000002   PAD
    0x1a001248   0x00000012   Data   RO          224    .constdata          hid_desc.o
    0x1a00125a   0x00000002   PAD
    0x1a00125c   0x0000000a   Data   RO          225    .constdata          hid_desc.o
    0x1a001266   0x00000082   Data   RO          226    .constdata          hid_desc.o
    0x1a0012e8   0x00000014   Data   RO          416    .constdata          lib_lpc_chip_18xx.lib(chip_18xx_43xx.o)
    0x1a0012fc   0x00000010   Data   RO          654    .constdata          lib_lpc_board_keil_mcb_1857.lib(board.o)
    0x1a00130c   0x00000004   Data   RO          660    .constdata          lib_lpc_board_keil_mcb_1857.lib(board.o)
    0x1a001310   0x00000004   Data   RO          661    .constdata          lib_lpc_board_keil_mcb_1857.lib(board.o)
    0x1a001314   0x000002bc   Data   RO         1056    .constdata          lib_lpc_board_keil_mcb_1857.lib(board_sysinit.o)
    0x1a0015d0   0x00000062   Data   RO         1155    .constdata          lib_lpc_chip_18xx.lib(clock_18xx_43xx.o)
    0x1a001632   0x0000003c   Data   RO         1968    .constdata          lib_lpc_chip_18xx.lib(sysinit_18xx_43xx.o)
    0x1a00166e   0x00000002   PAD
    0x1a001670   0x00000020   Data   RO         2290    Region$$Table       anon$$obj.o


==============================================================================

Image component sizes


      Code (inc. data)   RO Data    RW Data    ZI Data      Debug   Object Name

         0          0        223         70          0      28568   hid_desc.o
       424         60          0          0         16      10665   hid_keyboard.o
       236         44          0         16          0      27624   hid_main.o
        64         24        276          0        768        944   keil_startup_lpc18xx43xx.o
        20         10          0          0          0       9509   sysinit.o

    ----------------------------------------------------------------------
       744        138        536         88        784      77310   Object Totals
         0          0         32          0          0          0   (incl. Generated)
         0          0          5          2          0          0   (incl. Padding)

    ----------------------------------------------------------------------

      Code (inc. data)   RO Data    RW Data    ZI Data      Debug   Library Member Name

         8          0          0          0          0         68   __main.o
        52          8          0          0          0          0   __scatter.o
        26          0          0          0          0          0   __scatter_copy.o
        28          0          0          0          0          0   __scatter_zi.o
        12          0          0          0          0         72   exit.o
         6          0          0          0          0        152   heapauxi.o
         2          0          0          0          0          0   libinit.o
         2          0          0          0          0          0   libinit2.o
         2          0          0          0          0          0   libshutdown.o
         2          0          0          0          0          0   libshutdown2.o
         8          4          0          0         96         68   libspace.o
        78          0          0          0          0         80   rt_memclr_w.o
         0          0          0          0          0          0   rtentry.o
        12          0          0          0          0          0   rtentry2.o
         6          0          0          0          0          0   rtentry4.o
         2          0          0          0          0          0   rtexit.o
        10          0          0          0          0          0   rtexit2.o
        74          0          0          0          0         80   sys_stackheap_outer.o
       578         60         24          0          0      43229   board.o
       346         46        700          0          0       7440   board_sysinit.o
       124         20         20          4          0      14939   chip_18xx_43xx.o
      1270        200         98          8          0      13695   clock_18xx_43xx.o
       632         22          0          0          0       4112   emc_18xx_43xx.o
         2          0          0          0          0       2777   gpio_18xx_43xx.o
       124         18         60          0          0       1270   sysinit_18xx_43xx.o
       170         20          0          0          0       9322   uart_18xx_43xx.o

    ----------------------------------------------------------------------
      3592        398        904         12        100      97304   Library Totals
        16          0          2          0          4          0   (incl. Padding)

    ----------------------------------------------------------------------

      Code (inc. data)   RO Data    RW Data    ZI Data      Debug   Library Name

       330         12          0          0         96        520   c_w.l
       924        106        724          0          0      50669   lib_lpc_board_keil_mcb_1857.lib
      2322        280        178         12          0      46115   lib_lpc_chip_18xx.lib

    ----------------------------------------------------------------------
      3592        398        904         12        100      97304   Library Totals

    ----------------------------------------------------------------------

==============================================================================


      Code (inc. data)   RO Data    RW Data    ZI Data      Debug   

      4336        536       1440        100        884     171234   Grand Totals
      4336        536       1440        100        884     171234   ELF Image Totals
      4336        536       1440        100          0          0   ROM Totals

==============================================================================

    Total RO  Size (Code + RO Data)                 5776 (   5.64kB)
    Total RW  Size (RW Data + ZI Data)               984 (   0.96kB)
    Total ROM Size (Code + RO Data + RW Data)       5876 (   5.74kB)

==============================================================================

