<html>
<body>
<pre>
<h1>µVision Build Log</h1>
<h2>Tool Versions:</h2>
IDE-Version: µVision V5.12.0.0
Copyright (C) 2014 ARM Ltd and ARM Germany GmbH. All rights reserved.
License Information: clarence liu, embest, LIC=UB4EV-P0B92-9Z6WW-Q5K76-QF68H-5RI8C
 
Tool Versions:
Toolchain:       MDK-ARM Professional  Version: 5.12.0.0
Toolchain Path:  C:\Keil_v5\ARM\ARMCC\Bin
C Compiler:      Armcc.exe V5.05 (build 41)
Assembler:       Armasm.exe V5.05 (build 41)
Linker/Locator:  ArmLink.exe V5.05 (build 41)
Library Manager: ArmAr.exe V5.05 (build 41)
Hex Converter:   FromElf.exe V5.05 (build 41)
CPU DLL:         SARMCM3.DLL V5.12.0.0
Dialog DLL:      DCM.DLL V1.13.0.0
Target DLL:      UL2CM3.DLL V1.153.0.0
Dialog DLL:      TCM.DLL V1.14.2.0
 
<h2>Project:</h2>
C:\Users\xiongjing\Desktop\2\lpcopen_2_12_keil_iar_keil_mcb_1857\applications\lpc18xx_43xx\keil_uvision_projects\keil_mcb_1857\usbd_rom\hid_mouse\hid_mouse.uvproj
Project File Date:  03/28/2015

<h2>Output:</h2>
Build target 'iflash_keil_mcb_1857'
compiling sysinit.c...
compiling hid_desc.c...
compiling hid_main.c...
compiling hid_mouse.c...
linking...
Program Size: Code=4298 RO-data=1406 RW-data=108 ZI-data=868  
After Build - User command #1: C:\Keil_v5\/ARM/BIN/ElfDwT.exe .\keil_output\hid_mouse.axf BASEADDRESS(0x1A000000)
ELFDWT - Signature Creator V1.1
COPYRIGHT Keil - An ARM Company, Copyright (C) 2012
*** Updated Signature over Range[32] (0x1A000000 - 0x1A000018): @0x1A00001C = 0x53FFF1CE
*** Processing completed, no Errors.
".\keil_output\hid_mouse.axf" - 0 Error(s), 0 Warning(s).

<h2>Collection of Component include folders:</h2>
  C:\Users\xiongjing\Desktop\2\lpcopen_2_12_keil_iar_keil_mcb_1857\applications\lpc18xx_43xx\keil_uvision_projects\keil_mcb_1857\usbd_rom\hid_mouse\RTE
  C:\Keil_v5\ARM\PACK\Keil\LPC1800_DFP\2.3.0

<h2>Collection of Component Files used:</h2>
"core_cm3.h"
..\..\..\..\examples\usbd_rom\usbd_rom_hid_mouse\hid_mouse.c: 0 warnings, 1 error
".\keil_output\hid_mouse.axf" - 3 Error(s), 0 Warning(s).

<h2>Collection of Component include folders:</h2>
  C:\Users\xiongjing\Desktop\2\lpcopen_2_12_keil_iar_keil_mcb_1857\applications\lpc18xx_43xx\keil_uvision_projects\keil_mcb_1857\usbd_rom\hid_mouse\RTE
  C:\Keil_v5\ARM\PACK\Keil\LPC1800_DFP\2.3.0

<h2>Collection of Component Files used:</h2>
Target not created.
